PASS test/cpu.decision.refactor.test.js (12.399 s)
  笳・Console

    console.warn
      [presentation] BoardOps.emitPresentationEvent not available (events will be persisted)

      54 |     try {
      55 |         if (!__presentation_warned_no_boardops) {
    > 56 |             console.warn('[presentation] BoardOps.emitPresentationEvent not available (events will be persisted)');
         |                     ^
      57 |             __presentation_warned_no_boardops = true;
      58 |         }
      59 |     } catch (e) { /* ignore */ }

      at Object.warn [as emitPresentationEvent] (game/logic/presentation.js:56:21)
      at emitPresentationEvent (game/cpu-decision.js:1406:31)
      at emitPresentationEventForCpu (game/cpu-decision.js:1771:9)
      at Object.runCpuCardUseViaPipeline [as applyCardChoice] (game/cpu-decision.js:2985:28)
      at Object.applyCardChoice (test/cpu.decision.refactor.test.js:1329:28)

    console.warn
      [CPU] cardState not initialized; skipping card use

      3092 |     if (typeof cardState === 'undefined' || !cardState || !cardState.hasUsedCardThisTurnByPlayer) {
      3093 |         // Defensive: in some browser load orders cardState may not be initialized yet
    > 3094 |         console.warn('[CPU] cardState not initialized; skipping card use');
           |                 ^
      3095 |         return false;
      3096 |     }
      3097 |     if (cardState.hasUsedCardThisTurnByPlayer[playerKey]) return false;

      at Object.warn [as cpuMaybeUseCardWithPolicy] (game/cpu-decision.js:3094:17)
      at Object.cpuMaybeUseCardWithPolicy (test/cpu.decision.refactor.test.js:1437:33)

PASS test/selfplay.runner.test.js (218.251 s)
PASS test/selfplay.policy-adoption.test.js (68.352 s)
PASS test/selfplay.benchmark-policy.test.js (47.169 s)
[viz] local static server started on 50064
[viz] navigating to http://127.0.0.1:50064/?debug=1
(node:23840) [DEP0169] DeprecationWarning: `url.parse()` behavior is not standardized and prone to errors that have security implications. Use the WHATWG URL API instead. CVEs are not issued for `url.parse()` vulnerabilities.
(Use `node --trace-deprecation ...` to show where the warning was created)
[viz] saved tests/visual-regression/baseline-board.png
[viz] local static server started on 56559
[viz] navigating to http://127.0.0.1:56559/?debug=1
(node:46716) [DEP0169] DeprecationWarning: `url.parse()` behavior is not standardized and prone to errors that have security implications. Use the WHATWG URL API instead. CVEs are not issued for `url.parse()` vulnerabilities.
(Use `node --trace-deprecation ...` to show where the warning was created)
[viz] saved tests/visual-regression/fallback-board.png
PASS test/visual-regression.test.js (6.559 s)
  笳・Console

    console.log
      visual diff pixels: 4585

      at Object.log (test/visual-regression.test.js:28:13)

PASS test/ui.animation-engine.guard-timer.test.js (6.46 s)
PASS test/e2e/cpu_level_diff.e2e.test.js (5.851 s)
PASS test/ui.animation-utils.hand-fallback.test.js
PASS test/e2e/reset_click.e2e.test.js
PASS test/e2e/cpu_auto_response.e2e.test.js
PASS test/ui.tutorial-controller.test.js
  笳・Console

    console.log
      [tutorial] tutorial 繧堤ｵゆｺ・＠縺ｾ縺励◆

      at log (ui/tutorial/tutorial-controller.js:144:78)

PASS test/e2e/multi_turn_progression.e2e.test.js
PASS test/workers.match-heartbeat-stateversion.test.js
PASS test/workers.match-stream-sse.test.js
PASS test/cpu.commentary-runtime.test.js
PASS test/e2e/destroy-card-will-hunter-king.e2e.test.js
PASS test/e2e/card_effects.e2e.test.js
PASS test/e2e/special_effects.e2e.test.js
PASS test/e2e/cpu.e2e.test.js
PASS test/ui.visual-effects-map.shared.test.js
  笳・Console

    console.log
      [VISUAL_EFFECTS] ui/visual-effects-map.js loaded

      at Object.log (ui/visual-effects-map.js:3:9)

    console.log
      [VISUAL_EFFECTS] ui/visual-effects-map.js loaded

      at Object.log (ui/visual-effects-map.js:3:9)

    console.log
      [VISUAL_EFFECTS] ui/visual-effects-map.js loaded

      at Object.log (ui/visual-effects-map.js:3:9)

    console.log
      [VISUAL_EFFECTS] ui/visual-effects-map.js loaded

      at Object.log (ui/visual-effects-map.js:3:9)

    console.log
      [VISUAL_EFFECTS] ui/visual-effects-map.js loaded

      at Object.log (ui/visual-effects-map.js:3:9)

    console.log
      [VISUAL_EFFECTS] ui/visual-effects-map.js loaded

      at Object.log (ui/visual-effects-map.js:3:9)

    console.log
      [VISUAL_EFFECTS] ui/visual-effects-map.js loaded

      at Object.log (ui/visual-effects-map.js:3:9)

    console.log
      [VISUAL_EFFECTS] ui/visual-effects-map.js loaded

      at Object.log (ui/visual-effects-map.js:3:9)

PASS test/workers.match-publish-sanitize.test.js
PASS test/ui.tutorial-overlay.test.js
PASS test/code.window-usage.test.js
PASS test/game.cpu-policy-core.test.js
PASS test/ui.tutorial-runtime.test.js
PASS test/ui.network-client.publish-base-version.test.js
PASS test/ui.deck-builder-controller.test.js
PASS test/load-training-profile.sync.test.js
PASS test/presentation.board-updated.serial.test.js
PASS test/game.ultimate-hyperactive-god.test.js
  笳・Console

    console.warn
      [presentation] BoardOps.emitPresentationEvent not available (events will be persisted)

      54 |     try {
      55 |         if (!__presentation_warned_no_boardops) {
    > 56 |             console.warn('[presentation] BoardOps.emitPresentationEvent not available (events will be persisted)');
         |                     ^
      57 |             __presentation_warned_no_boardops = true;
      58 |         }
      59 |     } catch (e) { /* ignore */ }

      at Object.warn [as emitPresentationEvent] (game/logic/presentation.js:56:21)
      at Object.emitPresentationEvent [as addMarker] (game/logic/cards/markers.js:364:36)
      at Object.addMarker (game/logic/cards.js:1623:38)
      at Object.addMarker [as applyPlacementEffects] (game/logic/cards-internal/effect-timing.js:487:21)
      at Object.applyPlacementEffects (game/logic/cards.js:4224:39)
      at Object.applyPlacementEffects (test/game.ultimate-hyperactive-god.test.js:26:31)

PASS test/ui.network-snapshot.move-source-empty.test.js
  笳・Console

    console.log
      [DiffRenderer] Board DOM initialized with cell cache

      at log (ui/diff-renderer.js:1123:13)

    console.log
      [DiffRenderer] legal hint cells: 0 player: 1 taboo: false tabooCells: 0

      at log (ui/diff-renderer.js:1226:13)

    console.log
      [DiffRenderer] Initial full render complete

      at Object.log [as renderBoardDiff] (ui/diff-renderer.js:1951:21)

    console.log
      [DiffRenderer] legal hint cells: 0 player: 1 taboo: false tabooCells: 0

      at log (ui/diff-renderer.js:1226:13)

    console.log
      [DiffRenderer] Updated 2/64 cells

      at Object.log [as renderBoardDiff] (ui/diff-renderer.js:1995:21)

    console.log
      [DiffRenderer] Board DOM initialized with cell cache

      at log (ui/diff-renderer.js:1123:13)

    console.log
      [DiffRenderer] legal hint cells: 0 player: 1 taboo: false tabooCells: 0

      at log (ui/diff-renderer.js:1226:13)

    console.log
      [DiffRenderer] Initial full render complete

      at Object.log [as renderBoardDiff] (ui/diff-renderer.js:1951:21)

    console.log
      [DiffRenderer] legal hint cells: 0 player: 1 taboo: false tabooCells: 0

      at log (ui/diff-renderer.js:1226:13)

    console.log
      [DiffRenderer] Updated 2/64 cells

      at Object.log [as renderBoardDiff] (ui/diff-renderer.js:1995:21)

    console.log
      [DiffRenderer] Board DOM initialized with cell cache

      at log (ui/diff-renderer.js:1123:13)

    console.log
      [DiffRenderer] legal hint cells: 0 player: 1 taboo: false tabooCells: 0

      at log (ui/diff-renderer.js:1226:13)

    console.log
      [DiffRenderer] Initial full render complete

      at Object.log [as renderBoardDiff] (ui/diff-renderer.js:1951:21)

    console.log
      [DiffRenderer] legal hint cells: 0 player: 1 taboo: false tabooCells: 0

      at log (ui/diff-renderer.js:1226:13)

    console.log
      [DiffRenderer] Updated 2/64 cells

      at Object.log [as renderBoardDiff] (ui/diff-renderer.js:1995:21)

    console.log
      [DiffRenderer] Board DOM initialized with cell cache

      at log (ui/diff-renderer.js:1123:13)

    console.log
      [DiffRenderer] legal hint cells: 0 player: 1 taboo: false tabooCells: 0

      at log (ui/diff-renderer.js:1226:13)

    console.log
      [DiffRenderer] Initial full render complete

      at Object.log [as renderBoardDiff] (ui/diff-renderer.js:1951:21)

    console.log
      [DiffRenderer] legal hint cells: 0 player: 1 taboo: false tabooCells: 0

      at log (ui/diff-renderer.js:1226:13)

    console.log
      [DiffRenderer] Updated 2/64 cells

      at Object.log [as renderBoardDiff] (ui/diff-renderer.js:1995:21)

    console.log
      [DiffRenderer] Board DOM initialized with cell cache

      at log (ui/diff-renderer.js:1123:13)

    console.log
      [DiffRenderer] legal hint cells: 0 player: 1 taboo: false tabooCells: 0

      at log (ui/diff-renderer.js:1226:13)

    console.log
      [DiffRenderer] Initial full render complete

      at Object.log [as renderBoardDiff] (ui/diff-renderer.js:1951:21)

    console.log
      [DiffRenderer] legal hint cells: 0 player: 1 taboo: false tabooCells: 0

      at log (ui/diff-renderer.js:1226:13)

    console.log
      [DiffRenderer] Updated 2/64 cells

      at Object.log [as renderBoardDiff] (ui/diff-renderer.js:1995:21)

    console.log
      [DiffRenderer] Board DOM initialized with cell cache

      at log (ui/diff-renderer.js:1123:13)

    console.log
      [DiffRenderer] legal hint cells: 0 player: 1 taboo: false tabooCells: 0

      at log (ui/diff-renderer.js:1226:13)

    console.log
      [DiffRenderer] Initial full render complete

      at Object.log [as renderBoardDiff] (ui/diff-renderer.js:1951:21)

    console.log
      [DiffRenderer] legal hint cells: 0 player: 1 taboo: false tabooCells: 0

      at log (ui/diff-renderer.js:1226:13)

    console.log
      [DiffRenderer] Updated 2/64 cells

      at Object.log [as renderBoardDiff] (ui/diff-renderer.js:1995:21)

    console.log
      [DiffRenderer] Board DOM initialized with cell cache

      at log (ui/diff-renderer.js:1123:13)

    console.log
      [DiffRenderer] legal hint cells: 0 player: 1 taboo: false tabooCells: 0

      at log (ui/diff-renderer.js:1226:13)

    console.log
      [DiffRenderer] Initial full render complete

      at Object.log [as renderBoardDiff] (ui/diff-renderer.js:1951:21)

    console.log
      [DiffRenderer] legal hint cells: 0 player: 1 taboo: false tabooCells: 0

      at log (ui/diff-renderer.js:1226:13)

    console.log
      [DiffRenderer] Updated 2/64 cells

      at Object.log [as renderBoardDiff] (ui/diff-renderer.js:1995:21)

    console.log
      [DiffRenderer] Board DOM initialized with cell cache

      at log (ui/diff-renderer.js:1123:13)

    console.log
      [DiffRenderer] legal hint cells: 0 player: 1 taboo: false tabooCells: 0

      at log (ui/diff-renderer.js:1226:13)

    console.log
      [DiffRenderer] Initial full render complete

      at Object.log [as renderBoardDiff] (ui/diff-renderer.js:1951:21)

    console.log
      [DiffRenderer] legal hint cells: 0 player: 1 taboo: false tabooCells: 0

      at log (ui/diff-renderer.js:1226:13)

    console.log
      [DiffRenderer] Updated 2/64 cells

      at Object.log [as renderBoardDiff] (ui/diff-renderer.js:1995:21)

    console.log
      [DiffRenderer] Board DOM initialized with cell cache

      at log (ui/diff-renderer.js:1123:13)

    console.log
      [DiffRenderer] legal hint cells: 0 player: 1 taboo: false tabooCells: 0

      at log (ui/diff-renderer.js:1226:13)

    console.log
      [DiffRenderer] Initial full render complete

      at Object.log [as renderBoardDiff] (ui/diff-renderer.js:1951:21)

    console.log
      [DiffRenderer] legal hint cells: 0 player: 1 taboo: false tabooCells: 0

      at log (ui/diff-renderer.js:1226:13)

    console.log
      [DiffRenderer] Updated 2/64 cells

      at Object.log [as renderBoardDiff] (ui/diff-renderer.js:1995:21)

    console.log
      [DiffRenderer] Board DOM initialized with cell cache

      at log (ui/diff-renderer.js:1123:13)

    console.log
      [DiffRenderer] legal hint cells: 0 player: 1 taboo: false tabooCells: 0

      at log (ui/diff-renderer.js:1226:13)

    console.log
      [DiffRenderer] Initial full render complete

      at Object.log [as renderBoardDiff] (ui/diff-renderer.js:1951:21)

    console.log
      [DiffRenderer] legal hint cells: 0 player: 1 taboo: false tabooCells: 0

      at log (ui/diff-renderer.js:1226:13)

    console.log
      [DiffRenderer] Updated 3/64 cells

      at Object.log [as renderBoardDiff] (ui/diff-renderer.js:1995:21)

PASS test/workers.match-publish-idempotency.test.js
PASS test/selfplay.training-cycle.test.js
PASS test/ui.result-overlay.network-seat.test.js
PASS test/game.cpu-turn-handler.presentation-runtime.test.js
PASS test/asset.manifest.apply.test.js
  笳・Console

    console.error
      CardLogic/CoreLogic is not loaded.

      119 |
      120 | if (typeof CardLogic === 'undefined') {
    > 121 |     console.error('CardLogic/CoreLogic is not loaded.');
          |             ^
      122 | }
      123 |
      124 | async function executeMove(move) {

      at error (game/move-executor.js:121:13)
      at Object.<anonymous> (game/move-executor.js:392:2)
      at require (ui/bootstrap.js:393:33)
      at connect (ui/bootstrap.js:418:9)
      at installGameDI (ui/bootstrap.js:629:26)
      at Object.preloadAssets [as applyAssetManifest] (ui/bootstrap.js:639:31)
      at Object.applyAssetManifest (test/asset.manifest.apply.test.js:13:33)

    console.log
      [VISUAL_EFFECTS] ui/visual-effects-map.js loaded

      at Object.log (ui/visual-effects-map.js:3:9)

    console.warn
      [ASSET_MANIFEST] preload incomplete, using fallback [ { src: 'assets/images/stones/nonexistent.png', reason: 'error' } ]

      646 |             }
      647 |             // compat mode: log and continue with fallback
    > 648 |             try { if (typeof console !== 'undefined' && console.warn) console.warn('[ASSET_MANIFEST] preload incomplete, using fallback', res.failed); } catch (e) {}
          |                                                                               ^
      649 |             return { status: 'fallback', details: res };
      650 |         } catch (e) {
      651 |             return { status: 'error', details: String(e) };

      at Object.warn [as applyAssetManifest] (ui/bootstrap.js:648:79)
      at Object.<anonymous> (test/asset.manifest.apply.test.js:24:17)

PASS test/workers.match-room-deck.test.js
PASS test/ui.network-client.guard-tempt-deferred-publish.test.js
PASS test/workers.match-rematch-publish.test.js
PASS test/ui.network-snapshot.hyperactive-source-empty.test.js
  笳・Console

    console.log
      [DiffRenderer] Board DOM initialized with cell cache

      at log (ui/diff-renderer.js:1123:13)

    console.log
      [DiffRenderer] legal hint cells: 0 player: 1 taboo: false tabooCells: 0

      at log (ui/diff-renderer.js:1226:13)

    console.log
      [DiffRenderer] Initial full render complete

      at Object.log [as renderBoardDiff] (ui/diff-renderer.js:1951:21)

    console.log
      [DiffRenderer] legal hint cells: 0 player: 1 taboo: false tabooCells: 0

      at log (ui/diff-renderer.js:1226:13)

    console.log
      [DiffRenderer] Updated 2/64 cells

      at Object.log [as renderBoardDiff] (ui/diff-renderer.js:1995:21)

    console.log
      [DiffRenderer] Board DOM initialized with cell cache

      at log (ui/diff-renderer.js:1123:13)

    console.log
      [DiffRenderer] legal hint cells: 0 player: 1 taboo: false tabooCells: 0

      at log (ui/diff-renderer.js:1226:13)

    console.log
      [DiffRenderer] Initial full render complete

      at Object.log [as renderBoardDiff] (ui/diff-renderer.js:1951:21)

    console.log
      [DiffRenderer] legal hint cells: 0 player: 1 taboo: false tabooCells: 0

      at log (ui/diff-renderer.js:1226:13)

    console.log
      [DiffRenderer] Updated 2/64 cells

      at Object.log [as renderBoardDiff] (ui/diff-renderer.js:1995:21)

    console.log
      [DiffRenderer] Board DOM initialized with cell cache

      at log (ui/diff-renderer.js:1123:13)

    console.log
      [DiffRenderer] legal hint cells: 0 player: 1 taboo: false tabooCells: 0

      at log (ui/diff-renderer.js:1226:13)

    console.log
      [DiffRenderer] Initial full render complete

      at Object.log [as renderBoardDiff] (ui/diff-renderer.js:1951:21)

    console.log
      [DiffRenderer] legal hint cells: 0 player: 1 taboo: false tabooCells: 0

      at log (ui/diff-renderer.js:1226:13)

    console.log
      [DiffRenderer] Updated 2/64 cells

      at Object.log [as renderBoardDiff] (ui/diff-renderer.js:1995:21)

    console.log
      [DiffRenderer] Board DOM initialized with cell cache

      at log (ui/diff-renderer.js:1123:13)

    console.log
      [DiffRenderer] legal hint cells: 0 player: 1 taboo: false tabooCells: 0

      at log (ui/diff-renderer.js:1226:13)

    console.log
      [DiffRenderer] Initial full render complete

      at Object.log [as renderBoardDiff] (ui/diff-renderer.js:1951:21)

    console.log
      [DiffRenderer] legal hint cells: 0 player: 1 taboo: false tabooCells: 0

      at log (ui/diff-renderer.js:1226:13)

    console.log
      [DiffRenderer] Updated 2/64 cells

      at Object.log [as renderBoardDiff] (ui/diff-renderer.js:1995:21)

    console.log
      [DiffRenderer] Board DOM initialized with cell cache

      at log (ui/diff-renderer.js:1123:13)

    console.log
      [DiffRenderer] legal hint cells: 0 player: 1 taboo: false tabooCells: 0

      at log (ui/diff-renderer.js:1226:13)

    console.log
      [DiffRenderer] Initial full render complete

      at Object.log [as renderBoardDiff] (ui/diff-renderer.js:1951:21)

    console.log
      [DiffRenderer] legal hint cells: 0 player: 1 taboo: false tabooCells: 0

      at log (ui/diff-renderer.js:1226:13)

    console.log
      [DiffRenderer] Updated 2/64 cells

      at Object.log [as renderBoardDiff] (ui/diff-renderer.js:1995:21)

    console.log
      [DiffRenderer] Board DOM initialized with cell cache

      at log (ui/diff-renderer.js:1123:13)

    console.log
      [DiffRenderer] legal hint cells: 0 player: 1 taboo: false tabooCells: 0

      at log (ui/diff-renderer.js:1226:13)

    console.log
      [DiffRenderer] Initial full render complete

      at Object.log [as renderBoardDiff] (ui/diff-renderer.js:1951:21)

    console.log
      [DiffRenderer] legal hint cells: 0 player: 1 taboo: false tabooCells: 0

      at log (ui/diff-renderer.js:1226:13)

    console.log
      [DiffRenderer] Updated 2/64 cells

      at Object.log [as renderBoardDiff] (ui/diff-renderer.js:1995:21)

PASS test/workers.match-turn-timer.test.js
PASS test/ui.long-press-info.test.js
PASS test/ui.card-use-source-element.test.js
PASS test/ui.network-client.movement-deferred-publish.test.js
PASS test/presentation.schedule.cpu.test.js
  笳・Console

    console.warn
      [PresentationHandler] GameEvents not available; presentation events will not auto-play.

      292 |             GameEvents.gameEvents.on('BOARD_UPDATED', onBoardUpdated);
      293 |         } else {
    > 294 |             try { console.warn('[PresentationHandler] GameEvents not available; presentation events will not auto-play.'); } catch (e) { /* ignore */ }
          |                           ^
      295 |             const runtimeMethod = getPresentationRuntimeMethod('flushPendingPresentationEvents');
      296 |             if (runtimeMethod.method) {
      297 |                 setTimeout(function () {

      at warn (ui/presentation-handler.js:294:27)
      at Object.<anonymous> (ui/presentation-handler.js:309:2)
      at Object.require (test/presentation.schedule.cpu.test.js:32:16)

    console.warn
      [PresentationHandler] GameEvents not available; presentation events will not auto-play.

      292 |             GameEvents.gameEvents.on('BOARD_UPDATED', onBoardUpdated);
      293 |         } else {
    > 294 |             try { console.warn('[PresentationHandler] GameEvents not available; presentation events will not auto-play.'); } catch (e) { /* ignore */ }
          |                           ^
      295 |             const runtimeMethod = getPresentationRuntimeMethod('flushPendingPresentationEvents');
      296 |             if (runtimeMethod.method) {
      297 |                 setTimeout(function () {

      at warn (ui/presentation-handler.js:294:27)
      at Object.<anonymous> (ui/presentation-handler.js:309:2)
      at Object.require (test/presentation.schedule.cpu.test.js:44:16)

    console.warn
      [PresentationHandler] GameEvents not available; presentation events will not auto-play.

      292 |             GameEvents.gameEvents.on('BOARD_UPDATED', onBoardUpdated);
      293 |         } else {
    > 294 |             try { console.warn('[PresentationHandler] GameEvents not available; presentation events will not auto-play.'); } catch (e) { /* ignore */ }
          |                           ^
      295 |             const runtimeMethod = getPresentationRuntimeMethod('flushPendingPresentationEvents');
      296 |             if (runtimeMethod.method) {
      297 |                 setTimeout(function () {

      at warn (ui/presentation-handler.js:294:27)
      at Object.<anonymous> (ui/presentation-handler.js:309:2)
      at Object.require (test/presentation.schedule.cpu.test.js:89:16)

    console.warn
      [PresentationHandler] GameEvents not available; presentation events will not auto-play.

      292 |             GameEvents.gameEvents.on('BOARD_UPDATED', onBoardUpdated);
      293 |         } else {
    > 294 |             try { console.warn('[PresentationHandler] GameEvents not available; presentation events will not auto-play.'); } catch (e) { /* ignore */ }
          |                           ^
      295 |             const runtimeMethod = getPresentationRuntimeMethod('flushPendingPresentationEvents');
      296 |             if (runtimeMethod.method) {
      297 |                 setTimeout(function () {

      at warn (ui/presentation-handler.js:294:27)
      at Object.<anonymous> (ui/presentation-handler.js:309:2)
      at Object.require (test/presentation.schedule.cpu.test.js:123:16)

PASS test/game-init-manifest.test.js
  笳・Console

    console.error
      CardLogic/CoreLogic is not loaded.

      119 |
      120 | if (typeof CardLogic === 'undefined') {
    > 121 |     console.error('CardLogic/CoreLogic is not loaded.');
          |             ^
      122 | }
      123 |
      124 | async function executeMove(move) {

      at error (game/move-executor.js:121:13)
      at Object.<anonymous> (game/move-executor.js:392:2)
      at require (ui/bootstrap.js:393:33)
      at connect (ui/bootstrap.js:418:9)
      at installGameDI (ui/bootstrap.js:629:26)
      at preloadAssets (ui/bootstrap.js:639:31)
      at Object.applyAssetManifest [as handleGameInit] (ui/bootstrap.js:660:31)
      at Object.handleGameInit (test/game-init-manifest.test.js:10:33)

    console.log
      [VISUAL_EFFECTS] ui/visual-effects-map.js loaded

      at Object.log (ui/visual-effects-map.js:3:9)

    console.warn
      [ASSET_MANIFEST] preload incomplete, using fallback [ { src: 'assets/images/stones/nonexistent.png', reason: 'error' } ]

      646 |             }
      647 |             // compat mode: log and continue with fallback
    > 648 |             try { if (typeof console !== 'undefined' && console.warn) console.warn('[ASSET_MANIFEST] preload incomplete, using fallback', res.failed); } catch (e) {}
          |                                                                               ^
      649 |             return { status: 'fallback', details: res };
      650 |         } catch (e) {
      651 |             return { status: 'error', details: String(e) };

      at warn (ui/bootstrap.js:648:79)
      at Object.handleGameInit (ui/bootstrap.js:660:25)
      at Object.<anonymous> (test/game-init-manifest.test.js:18:17)

PASS test/ui.board-expansion-cell-render.test.js
  笳・Console

    console.log
      [DiffRenderer] Board DOM initialized with cell cache

      at log (ui/diff-renderer.js:1123:13)

    console.log
      [DiffRenderer] legal hint cells: 0 player: 1 taboo: false tabooCells: 0

      at log (ui/diff-renderer.js:1226:13)

    console.log
      [DiffRenderer] Initial full render complete

      at Object.log [as renderBoardDiff] (ui/diff-renderer.js:1951:21)

    console.log
      [DiffRenderer] legal hint cells: 0 player: 1 taboo: false tabooCells: 0

      at log (ui/diff-renderer.js:1226:13)

    console.log
      [DiffRenderer] Board DOM initialized with cell cache

      at log (ui/diff-renderer.js:1123:13)

    console.log
      [DiffRenderer] legal hint cells: 0 player: 1 taboo: false tabooCells: 0

      at log (ui/diff-renderer.js:1226:13)

    console.log
      [DiffRenderer] Initial full render complete

      at Object.log [as renderBoardDiff] (ui/diff-renderer.js:1951:21)

    console.log
      [DiffRenderer] Board DOM initialized with cell cache

      at log (ui/diff-renderer.js:1123:13)

    console.log
      [DiffRenderer] legal hint cells: 0 player: 1 taboo: false tabooCells: 0

      at log (ui/diff-renderer.js:1226:13)

    console.log
      [DiffRenderer] Initial full render complete

      at Object.log [as renderBoardDiff] (ui/diff-renderer.js:1951:21)

    console.log
      [DiffRenderer] Board DOM initialized with cell cache

      at log (ui/diff-renderer.js:1123:13)

    console.log
      [DiffRenderer] legal hint cells: 0 player: 1 taboo: false tabooCells: 0

      at log (ui/diff-renderer.js:1226:13)

    console.log
      [DiffRenderer] Initial full render complete

      at Object.log [as renderBoardDiff] (ui/diff-renderer.js:1951:21)

    console.log
      [DiffRenderer] Board DOM initialized with cell cache

      at log (ui/diff-renderer.js:1123:13)

    console.log
      [DiffRenderer] legal hint cells: 0 player: 1 taboo: false tabooCells: 0

      at log (ui/diff-renderer.js:1226:13)

    console.log
      [DiffRenderer] Initial full render complete

      at Object.log [as renderBoardDiff] (ui/diff-renderer.js:1951:21)

    console.log
      [DiffRenderer] Board DOM initialized with cell cache

      at log (ui/diff-renderer.js:1123:13)

    console.log
      [DiffRenderer] legal hint cells: 0 player: 1 taboo: false tabooCells: 0

      at log (ui/diff-renderer.js:1226:13)

    console.log
      [DiffRenderer] Initial full render complete

      at Object.log [as renderBoardDiff] (ui/diff-renderer.js:1951:21)

PASS test/ui.card-detail-effect-tags.test.js
PASS test/ui.diff-renderer.destroy-fade-shadow.test.js
  笳・Console

    console.log
      [DiffRenderer] Board DOM initialized with cell cache

      at log (ui/diff-renderer.js:1123:13)

    console.log
      [DiffRenderer] legal hint cells: 0 player: 1 taboo: false tabooCells: 0

      at log (ui/diff-renderer.js:1226:13)

    console.log
      [DiffRenderer] Initial full render complete

      at Object.log [as renderBoardDiff] (ui/diff-renderer.js:1951:21)

    console.log
      [DiffRenderer] legal hint cells: 0 player: 1 taboo: false tabooCells: 0

      at log (ui/diff-renderer.js:1226:13)

    console.log
      [DiffRenderer] Updated 1/64 cells

      at Object.log [as renderBoardDiff] (ui/diff-renderer.js:1995:21)

    console.log
      [DiffRenderer] Board DOM initialized with cell cache

      at log (ui/diff-renderer.js:1123:13)

    console.log
      [DiffRenderer] legal hint cells: 0 player: 1 taboo: false tabooCells: 0

      at log (ui/diff-renderer.js:1226:13)

    console.log
      [DiffRenderer] Initial full render complete

      at Object.log [as renderBoardDiff] (ui/diff-renderer.js:1951:21)

    console.log
      [DiffRenderer] legal hint cells: 0 player: 1 taboo: false tabooCells: 0

      at log (ui/diff-renderer.js:1226:13)

PASS test/ui.story-battle-ui.test.js
PASS test/ui.network-client.reconnect-sync.test.js
PASS test/ui.flip.suppress-double.test.js
  笳・Console

    console.log
      [DiffRenderer] Board DOM initialized with cell cache

      at log (ui/diff-renderer.js:1123:13)

    console.log
      [DiffRenderer] legal hint cells: 0 player: 1 taboo: false tabooCells: 0

      at log (ui/diff-renderer.js:1226:13)

    console.log
      [DiffRenderer] Updated 64/64 cells

      at log (ui/diff-renderer.js:1995:21)

    console.log
      [DiffRenderer] Full render forced

      at Object.log [as forceFullRender] (ui/diff-renderer.js:2019:13)

    console.log
      [DiffRenderer] legal hint cells: 0 player: 1 taboo: false tabooCells: 0

      at log (ui/diff-renderer.js:1226:13)

    console.log
      [DiffRenderer] Updated 1/64 cells

      at Object.log [as renderBoardDiff] (ui/diff-renderer.js:1995:21)

    console.log
      [DiffRenderer] Board DOM initialized with cell cache

      at log (ui/diff-renderer.js:1123:13)

    console.log
      [DiffRenderer] legal hint cells: 0 player: 1 taboo: false tabooCells: 0

      at log (ui/diff-renderer.js:1226:13)

    console.log
      [DiffRenderer] Updated 64/64 cells

      at log (ui/diff-renderer.js:1995:21)

    console.log
      [DiffRenderer] Full render forced

      at Object.log [as forceFullRender] (ui/diff-renderer.js:2019:13)

    console.log
      [DiffRenderer] legal hint cells: 0 player: 1 taboo: false tabooCells: 0

      at log (ui/diff-renderer.js:1226:13)

    console.log
      [DiffRenderer] Updated 1/64 cells

      at Object.log [as renderBoardDiff] (ui/diff-renderer.js:1995:21)

PASS test/ui.network-client.result-sync.test.js
PASS test/ui.diff-renderer.flip.test.js
  笳・Console

    console.log
      [DiffRenderer] Board DOM initialized with cell cache

      at log (ui/diff-renderer.js:1123:13)

    console.log
      [DiffRenderer] legal hint cells: 0 player: 1 taboo: false tabooCells: 0

      at log (ui/diff-renderer.js:1226:13)

    console.log
      [DiffRenderer] Initial full render complete

      at Object.log [as renderBoardDiff] (ui/diff-renderer.js:1951:21)

    console.log
      [DiffRenderer] legal hint cells: 0 player: 1 taboo: false tabooCells: 0

      at log (ui/diff-renderer.js:1226:13)

    console.log
      [DiffRenderer] Updated 1/64 cells

      at Object.log [as renderBoardDiff] (ui/diff-renderer.js:1995:21)

    console.log
      [DiffRenderer] Board DOM initialized with cell cache

      at log (ui/diff-renderer.js:1123:13)

    console.log
      [DiffRenderer] legal hint cells: 0 player: 1 taboo: false tabooCells: 0

      at log (ui/diff-renderer.js:1226:13)

    console.log
      [DiffRenderer] Initial full render complete

      at Object.log [as renderBoardDiff] (ui/diff-renderer.js:1951:21)

    console.log
      [DiffRenderer] legal hint cells: 0 player: 1 taboo: false tabooCells: 0

      at log (ui/diff-renderer.js:1226:13)

    console.log
      [DiffRenderer] Updated 1/64 cells

      at Object.log [as renderBoardDiff] (ui/diff-renderer.js:1995:21)

    console.log
      [DiffRenderer] Board DOM initialized with cell cache

      at log (ui/diff-renderer.js:1123:13)

    console.log
      [DiffRenderer] legal hint cells: 0 player: 1 taboo: false tabooCells: 0

      at log (ui/diff-renderer.js:1226:13)

    console.log
      [DiffRenderer] Initial full render complete

      at Object.log [as renderBoardDiff] (ui/diff-renderer.js:1951:21)

    console.log
      [DiffRenderer] legal hint cells: 0 player: 1 taboo: false tabooCells: 0

      at log (ui/diff-renderer.js:1226:13)

    console.log
      [DiffRenderer] Updated 1/64 cells

      at Object.log [as renderBoardDiff] (ui/diff-renderer.js:1995:21)

    console.log
      [DiffRenderer] legal hint cells: 0 player: 1 taboo: false tabooCells: 0

      at log (ui/diff-renderer.js:1226:13)

    console.log
      [DiffRenderer] Updated 1/64 cells

      at Object.log [as renderBoardDiff] (ui/diff-renderer.js:1995:21)

PASS test/workers.match-condemn-visibility.test.js
PASS test/ui.rules-help-panel.test.js
PASS test/ui.network-client.multi-stage-selection.test.js
  笳・Console

    console.warn
      [presentation] BoardOps.emitPresentationEvent not available (events will be persisted)

      54 |     try {
      55 |         if (!__presentation_warned_no_boardops) {
    > 56 |             console.warn('[presentation] BoardOps.emitPresentationEvent not available (events will be persisted)');
         |                     ^
      57 |             __presentation_warned_no_boardops = true;
      58 |         }
      59 |     } catch (e) { /* ignore */ }

      at Object.warn [as emitPresentationEvent] (game/logic/presentation.js:56:21)
      at emitPresentationEvent (game/card-effects/position-swap.js:17:83)
      at Object.emitPresentationEventViaBoardOps [as handlePositionSwapSelection] (game/card-effects/position-swap.js:64:13)
      at Object.<anonymous> (test/ui.network-client.multi-stage-selection.test.js:261:49)

PASS test/ui.card-sell-selection-deferred-publish.test.js
PASS test/ui.story-handler.test.js
PASS test/ui.network-client.sacrifice-deferred-publish.test.js
PASS test/workers.match-leaderboard.test.js
PASS test/ui.network-client.action-bridge-next-snapshot.test.js
PASS test/ui.animation-utils.test.js
PASS test/ui.init.side-panel-toggle.test.js
PASS test/ui.heaven-blessing-overlay.test.js
PASS test/ui.pass-stale-busy.test.js
PASS test/ui.card-renderer-hand-inspect.test.js
PASS test/ui.animation-engine.inherited-hyperactive-timer.test.js
PASS test/ui.bootstrap.cpu-early-registration.test.js
  笳・Console

    console.error
      CardLogic/CoreLogic is not loaded.

      119 |
      120 | if (typeof CardLogic === 'undefined') {
    > 121 |     console.error('CardLogic/CoreLogic is not loaded.');
          |             ^
      122 | }
      123 |
      124 | async function executeMove(move) {

      at error (game/move-executor.js:121:13)
      at Object.<anonymous> (game/move-executor.js:392:2)
      at require (ui/bootstrap.js:393:33)
      at Object.connect [as installGameDI] (ui/bootstrap.js:418:9)
      at Object.installGameDI (test/ui.bootstrap.cpu-early-registration.test.js:24:25)

    console.log
      [VISUAL_EFFECTS] ui/visual-effects-map.js loaded

      at Object.log (ui/visual-effects-map.js:3:9)

    console.error
      CardLogic/CoreLogic is not loaded.

      119 |
      120 | if (typeof CardLogic === 'undefined') {
    > 121 |     console.error('CardLogic/CoreLogic is not loaded.');
          |             ^
      122 | }
      123 |
      124 | async function executeMove(move) {

      at error (game/move-executor.js:121:13)
      at Object.<anonymous> (game/move-executor.js:392:2)
      at require (ui/bootstrap.js:393:33)
      at Object.connect [as installGameDI] (ui/bootstrap.js:418:9)
      at Object.installGameDI (test/ui.bootstrap.cpu-early-registration.test.js:58:12)

    console.log
      [VISUAL_EFFECTS] ui/visual-effects-map.js loaded

      at Object.log (ui/visual-effects-map.js:3:9)

    console.error
      CardLogic/CoreLogic is not loaded.

      119 |
      120 | if (typeof CardLogic === 'undefined') {
    > 121 |     console.error('CardLogic/CoreLogic is not loaded.');
          |             ^
      122 | }
      123 |
      124 | async function executeMove(move) {

      at error (game/move-executor.js:121:13)
      at Object.<anonymous> (game/move-executor.js:392:2)
      at require (ui/bootstrap.js:393:33)
      at Object.connect [as installGameDI] (ui/bootstrap.js:418:9)
      at Object.installGameDI (test/ui.bootstrap.cpu-early-registration.test.js:139:12)

    console.log
      [VISUAL_EFFECTS] ui/visual-effects-map.js loaded

      at Object.log (ui/visual-effects-map.js:3:9)

PASS test/ui.network-client.seat-normalization.test.js
PASS test/ui.auto.playback-state.test.js
PASS test/ui.stone-rendering.test.js
  笳・Console

    console.log
      [DiffRenderer] Board DOM initialized with cell cache

      at log (ui/diff-renderer.js:1123:13)

    console.log
      [DiffRenderer] legal hint cells: 0 player: 1 taboo: false tabooCells: 0

      at log (ui/diff-renderer.js:1226:13)

    console.log
      [DiffRenderer] Initial full render complete

      at Object.log [as renderBoardDiff] (ui/diff-renderer.js:1951:21)

    console.log
      [DiffRenderer] legal hint cells: 0 player: 1 taboo: false tabooCells: 0

      at log (ui/diff-renderer.js:1226:13)

    console.log
      [DiffRenderer] Updated 13/64 cells

      at Object.log [as renderBoardDiff] (ui/diff-renderer.js:1995:21)

    console.log
      [DiffRenderer] legal hint cells: 0 player: 1 taboo: false tabooCells: 0

      at log (ui/diff-renderer.js:1226:13)

    console.log
      [DiffRenderer] Updated 12/64 cells

      at Object.log [as renderBoardDiff] (ui/diff-renderer.js:1995:21)

    console.log
      [DiffRenderer] legal hint cells: 0 player: 1 taboo: false tabooCells: 0

      at log (ui/diff-renderer.js:1226:13)

    console.log
      [DiffRenderer] Updated 2/64 cells

      at Object.log [as renderBoardDiff] (ui/diff-renderer.js:1995:21)

PASS test/ui.board-renderer.fallback-legal-hint.test.js
PASS test/ui.network-client.presence-log.test.js
PASS test/ui.network-charge-seat-layout.test.js
PASS test/ui.animation-engine.observer-bubble.test.js
PASS test/ui.network-client.swap-deferred-publish.test.js
PASS test/ui.card-condemn-selection-deferred-publish.test.js
PASS test/cpu.turn-handler.network-guard.test.js
PASS test/cpu.turn-handler.error.test.js
  笳・Console

    console.error
      [AI] Error in runCpuTurn for white: ReferenceError: generateMovesForPlayer is not defined
          at Object.generateMovesForPlayer [as runCpuTurn] (C:\Users\quarr\Desktop\othello_v2\game\cpu-turn-handler.js:1105:32)
          at Object.<anonymous> (C:\Users\quarr\Desktop\othello_v2\test\cpu.turn-handler.error.test.js:19:5)

      1232 |         resetPendingSelectRetryState(playerKey);
      1233 |     } catch (error) {
    > 1234 |         console.error(`[AI] Error in runCpuTurn for ${playerKey}:`, error);
           |                 ^
      1235 |         console.error(`[AI] Error message: ${error.message}`);
      1236 |         console.error(`[AI] Error stack: ${error.stack}`);
      1237 |         if (typeof isDebugLogAvailable === 'function' && isDebugLogAvailable()) {

      at Object.error [as runCpuTurn] (game/cpu-turn-handler.js:1234:17)
      at Object.<anonymous> (test/cpu.turn-handler.error.test.js:19:5)

    console.error
      [AI] Error message: generateMovesForPlayer is not defined

      1233 |     } catch (error) {
      1234 |         console.error(`[AI] Error in runCpuTurn for ${playerKey}:`, error);
    > 1235 |         console.error(`[AI] Error message: ${error.message}`);
           |                 ^
      1236 |         console.error(`[AI] Error stack: ${error.stack}`);
      1237 |         if (typeof isDebugLogAvailable === 'function' && isDebugLogAvailable()) {
      1238 |             debugLog(`[AI] CPU Error for ${playerKey}: ${error.message}`, 'error', {

      at Object.error [as runCpuTurn] (game/cpu-turn-handler.js:1235:17)
      at Object.<anonymous> (test/cpu.turn-handler.error.test.js:19:5)

    console.error
      [AI] Error stack: ReferenceError: generateMovesForPlayer is not defined
          at Object.generateMovesForPlayer [as runCpuTurn] (C:\Users\quarr\Desktop\othello_v2\game\cpu-turn-handler.js:1105:32)
          at Object.<anonymous> (C:\Users\quarr\Desktop\othello_v2\test\cpu.turn-handler.error.test.js:19:5)

      1234 |         console.error(`[AI] Error in runCpuTurn for ${playerKey}:`, error);
      1235 |         console.error(`[AI] Error message: ${error.message}`);
    > 1236 |         console.error(`[AI] Error stack: ${error.stack}`);
           |                 ^
      1237 |         if (typeof isDebugLogAvailable === 'function' && isDebugLogAvailable()) {
      1238 |             debugLog(`[AI] CPU Error for ${playerKey}: ${error.message}`, 'error', {
      1239 |                 errorStack: error.stack,

      at Object.error [as runCpuTurn] (game/cpu-turn-handler.js:1236:17)
      at Object.<anonymous> (test/cpu.turn-handler.error.test.js:19:5)

PASS test/assets.preload.test.js
  笳・Console

    console.error
      CardLogic/CoreLogic is not loaded.

      119 |
      120 | if (typeof CardLogic === 'undefined') {
    > 121 |     console.error('CardLogic/CoreLogic is not loaded.');
          |             ^
      122 | }
      123 |
      124 | async function executeMove(move) {

      at error (game/move-executor.js:121:13)
      at Object.<anonymous> (game/move-executor.js:392:2)
      at require (ui/bootstrap.js:393:33)
      at connect (ui/bootstrap.js:418:9)
      at Object.installGameDI (ui/bootstrap.js:629:26)
      at Object.preloadAssets (test/assets.preload.test.js:32:33)

    console.log
      [VISUAL_EFFECTS] ui/visual-effects-map.js loaded

      at Object.log (ui/visual-effects-map.js:3:9)

PASS test/ui.taboo-legal-highlight.test.js
  笳・Console

    console.log
      [DiffRenderer] Board DOM initialized with cell cache

      at log (ui/diff-renderer.js:1123:13)

    console.log
      [DiffRenderer] legal hint cells: 3 player: 1 taboo: true tabooCells: 2

      at log (ui/diff-renderer.js:1226:13)

    console.log
      [DiffRenderer] Initial full render complete

      at Object.log [as renderBoardDiff] (ui/diff-renderer.js:1951:21)

PASS test/cpu.turn-handler.pending.test.js
PASS test/ui.network-client.trap-deferred-publish.test.js
PASS test/ui.debug.hand-scroll.test.js
PASS test/cpu.turn-handler.onnx-hold.test.js
PASS test/ui.playback-state-manager.test.js
PASS test/ui.card-destroy-hand.test.js
PASS test/cpu.turn-handler.retry.test.js
PASS test/ui.story-controller.test.js
PASS test/ui.match-mode.leaderboard-limit.test.js
PASS test/ui.network-client.commentary.test.js
PASS test/ui.lightning-will-legal-hint.test.js
  笳・Console

    console.log
      [DiffRenderer] Board DOM initialized with cell cache

      at log (ui/diff-renderer.js:1123:13)

    console.log
      [DiffRenderer] legal hint cells: 1 player: 1 taboo: false tabooCells: 0

      at log (ui/diff-renderer.js:1226:13)

    console.log
      [DiffRenderer] Initial full render complete

      at Object.log [as renderBoardDiff] (ui/diff-renderer.js:1951:21)

PASS test/ui.status-display.network-seat.test.js
PASS test/ui.init.sell-sound.test.js
PASS test/ui.tutorial-handler.test.js
PASS test/ui.result-overlay.story-result.test.js
PASS test/ui.match-mode.network-button.test.js
PASS test/ui.init.playback-runtime.test.js
PASS test/ui.tutorial-action-wait.test.js
PASS test/ui.debug.fill-hand-refresh.test.js
PASS test/ui.charge-delta-queue.test.js
PASS test/ui.story-deck-lab-renderer.test.js
PASS test/ui.sell-card-confirm.test.js
PASS test/ui.owner-helpers-classic-script-load.test.js
PASS test/cpu.handler.timing.test.js
PASS test/selfplay.runtime-parity.test.js
PASS test/game.cpuhandler.registration.test.js
PASS test/ui.init.async-policy-load.test.js
PASS test/ui.bootstrap.lazy-install.test.js
PASS test/game.hyperactive-inherit-will.test.js
  笳・Console

    console.warn
      [presentation] BoardOps.emitPresentationEvent not available (events will be persisted)

      54 |     try {
      55 |         if (!__presentation_warned_no_boardops) {
    > 56 |             console.warn('[presentation] BoardOps.emitPresentationEvent not available (events will be persisted)');
         |                     ^
      57 |             __presentation_warned_no_boardops = true;
      58 |         }
      59 |     } catch (e) { /* ignore */ }

      at Object.warn [as emitPresentationEvent] (game/logic/presentation.js:56:21)
      at Object.emitPresentationEvent [as addMarker] (game/logic/cards/markers.js:364:36)
      at addMarker (game/logic/cards.js:1623:38)
      at Object.addMarker [as applyHyperactiveInheritWill] (game/logic/cards.js:2935:9)
      at Object.applyHyperactiveInheritWill (test/game.hyperactive-inherit-will.test.js:93:31)

    console.log
      [HYPERACTIVE] moveHyperactiveOnce candidates 8 at { row: 4, col: 4, owner: 'black' }

      at log (game/logic/cards/hyperactive.js:855:68)

    console.log
      [HYPERACTIVE] selected target {
        target: { row: 3, col: 3, occupied: false },
        candidatesLen: 8,
        markerType: 'INHERITED_HYPERACTIVE'
      }

      at log (game/logic/cards/hyperactive.js:984:68)

    console.log
      [HYPERACTIVE] moveHyperactiveOnce candidates 8 at { row: 4, col: 4, owner: 'black' }

      at log (game/logic/cards/hyperactive.js:855:68)

    console.log
      [HYPERACTIVE] selected target {
        target: { row: 3, col: 3, occupied: false },
        candidatesLen: 8,
        markerType: 'INHERITED_HYPERACTIVE'
      }

      at log (game/logic/cards/hyperactive.js:984:68)

    console.log
      [HYPERACTIVE] moveHyperactiveOnce candidates 1 at { row: 4, col: 4, owner: 'black' }

      at log (game/logic/cards/hyperactive.js:855:68)

    console.log
      [HYPERACTIVE] selected target {
        target: { row: 4, col: 5, occupied: false },
        candidatesLen: 1,
        markerType: 'INHERITED_HYPERACTIVE'
      }

      at log (game/logic/cards/hyperactive.js:984:68)

    console.log
      [TurnPipeline] processing HYPERACTIVE anchor { row: 4, col: 4, owner: 'black', type: 'HYPERACTIVE', createdSeq: 1 }

      at Object.log [as applyTurnStartPhase] (game/turn/turn_pipeline_phases.js:591:84)

    console.log
      [HYPERACTIVE] moveHyperactiveOnce candidates 1 at { row: 4, col: 4, owner: 'black' }

      at log (game/logic/cards/hyperactive.js:855:68)

    console.log
      [HYPERACTIVE] selected target {
        target: { row: 4, col: 5, occupied: false },
        candidatesLen: 1,
        markerType: 'HYPERACTIVE'
      }

      at log (game/logic/cards/hyperactive.js:984:68)

    console.log
      [TurnPipeline] hyperactive result {
        row: 4,
        col: 4,
        owner: 'black',
        type: 'HYPERACTIVE',
        res: {
          moved: [ [Object] ],
          destroyed: [],
          flipped: [],
          repelled: [],
          ownerKey: 'black'
        }
      }

      at Object.log [as applyTurnStartPhase] (game/turn/turn_pipeline_phases.js:596:84)

    console.log
      [TurnPipeline] processing HYPERACTIVE anchor {
        row: 4,
        col: 5,
        owner: 'black',
        type: 'INHERITED_HYPERACTIVE',
        createdSeq: 2
      }

      at Object.log [as applyTurnStartPhase] (game/turn/turn_pipeline_phases.js:591:84)

    console.log
      [HYPERACTIVE] moveHyperactiveOnce candidates 1 at { row: 4, col: 5, owner: 'black' }

      at log (game/logic/cards/hyperactive.js:855:68)

    console.log
      [HYPERACTIVE] selected target {
        target: { row: 4, col: 4, occupied: false },
        candidatesLen: 1,
        markerType: 'INHERITED_HYPERACTIVE'
      }

      at log (game/logic/cards/hyperactive.js:984:68)

    console.log
      [TurnPipeline] hyperactive result {
        row: 4,
        col: 5,
        owner: 'black',
        type: 'INHERITED_HYPERACTIVE',
        res: {
          moved: [ [Object] ],
          destroyed: [],
          flipped: [],
          repelled: [],
          ownerKey: 'black'
        }
      }

      at Object.log [as applyTurnStartPhase] (game/turn/turn_pipeline_phases.js:596:84)

    console.log
      [TurnPipeline] processing HYPERACTIVE anchor {
        row: 3,
        col: 4,
        owner: 'black',
        type: 'INHERITED_HYPERACTIVE',
        createdSeq: 2
      }

      at Object.log [as applyTurnStartPhase] (game/turn/turn_pipeline_phases.js:591:84)

    console.log
      [HYPERACTIVE] moveHyperactiveOnce candidates 1 at { row: 3, col: 4, owner: 'black' }

      at log (game/logic/cards/hyperactive.js:855:68)

    console.log
      [HYPERACTIVE] selected target {
        target: { row: 3, col: 3, occupied: false },
        candidatesLen: 1,
        markerType: 'INHERITED_HYPERACTIVE'
      }

      at log (game/logic/cards/hyperactive.js:984:68)

    console.log
      [TurnPipeline] hyperactive result {
        row: 3,
        col: 4,
        owner: 'black',
        type: 'INHERITED_HYPERACTIVE',
        res: {
          moved: [ [Object] ],
          destroyed: [],
          flipped: [],
          repelled: [],
          ownerKey: 'black'
        }
      }

      at Object.log [as applyTurnStartPhase] (game/turn/turn_pipeline_phases.js:596:84)

    console.log
      [TurnPipeline] processing HYPERACTIVE anchor {
        row: 3,
        col: 5,
        owner: 'black',
        type: 'INHERITED_HYPERACTIVE',
        createdSeq: 2
      }

      at Object.log [as applyTurnStartPhase] (game/turn/turn_pipeline_phases.js:591:84)

    console.log
      [HYPERACTIVE] moveHyperactiveOnce candidates 1 at { row: 3, col: 5, owner: 'black' }

      at log (game/logic/cards/hyperactive.js:855:68)

    console.log
      [HYPERACTIVE] selected target {
        target: { row: 3, col: 4, occupied: false },
        candidatesLen: 1,
        markerType: 'INHERITED_HYPERACTIVE'
      }

      at log (game/logic/cards/hyperactive.js:984:68)

    console.log
      [TurnPipeline] hyperactive result {
        row: 3,
        col: 5,
        owner: 'black',
        type: 'INHERITED_HYPERACTIVE',
        res: {
          moved: [ [Object] ],
          destroyed: [],
          flipped: [],
          repelled: [],
          ownerKey: 'black'
        }
      }

      at Object.log [as applyTurnStartPhase] (game/turn/turn_pipeline_phases.js:596:84)

PASS test/selfplay.policy-rollback.test.js
PASS test/selfplay.policy-promotion.test.js
PASS test/selfplay.ui-level-match.test.js
PASS test/game.lightning-will.test.js
  笳・Console

    console.warn
      [presentation] BoardOps.emitPresentationEvent not available (events will be persisted)

      54 |     try {
      55 |         if (!__presentation_warned_no_boardops) {
    > 56 |             console.warn('[presentation] BoardOps.emitPresentationEvent not available (events will be persisted)');
         |                     ^
      57 |             __presentation_warned_no_boardops = true;
      58 |         }
      59 |     } catch (e) { /* ignore */ }

      at Object.warn [as emitPresentationEvent] (game/logic/presentation.js:56:21)
      at Object.emitPresentationEvent [as addMarker] (game/logic/cards/markers.js:364:36)
      at Object.addMarker (game/logic/cards.js:1623:38)
      at Object.addMarker [as applyPlacementEffects] (game/logic/cards-internal/effect-timing.js:414:21)
      at Object.applyPlacementEffects (game/logic/cards.js:4224:39)
      at Object.applyPlacementEffects [as applyActionPhase] (game/turn/turn_pipeline_phases.js:1830:39)
      at Object.applyActionPhase [as applyTurn] (game/turn/turn_pipeline.js:80:28)
      at Object.applyTurn (test/game.lightning-will.test.js:47:30)

PASS test/game.cpu-policy-table-runtime.test.js
PASS test/selfplay.policy-onnx-gate.test.js
PASS test/selfplay.generate-data.parallel-workers.test.js
PASS test/assets.manifest.test.js
PASS test/selfplay.training-profile-launcher.test.js
PASS test/game.taboo-reverse-will.test.js
PASS test/ui.cpu-policy-handler.test.js
  笳・Console

    console.log
      [CPU] policy-target loaded (./data/models/policy-target.onnx)

      at log (ui/handlers/cpu-policy.js:298:25)

    console.log
      [CPU] policy-value loaded (./data/models/policy-value.onnx)

      at log (ui/handlers/cpu-policy.js:318:25)

    console.log
      [CPU] policy-onnx loaded (data/models/policy-net.onnx)

      at Object.log [as initPolicyOnnxModel] (ui/handlers/cpu-policy.js:538:21)

    console.log
      [CPU] policy-onnx loaded (/data/models/policy-net.onnx)

      at Object.log [as initPolicyOnnxModel] (ui/handlers/cpu-policy.js:538:21)

    console.log
      [CPU] policy-onnx loaded (./data/models/policy-net.onnx)

      at Object.log [as initPolicyOnnxModel] (ui/handlers/cpu-policy.js:538:21)

    console.log
      [CPU] policy-onnx loaded (/data/models/policy-net.onnx)

      at Object.log [as initPolicyOnnxModel] (ui/handlers/cpu-policy.js:538:21)

    console.log
      [CPU] policy-card loaded (/data/models/policy-card.onnx)

      at Object.log [as initPolicyOnnxModel] (ui/handlers/cpu-policy.js:543:33)

    console.log
      [CPU] policy-target loaded (/data/models/policy-target.onnx)

      at log (ui/handlers/cpu-policy.js:298:25)

    console.log
      [CPU] policy-value loaded (/data/models/policy-value.onnx)

      at log (ui/handlers/cpu-policy.js:318:25)

    console.log
      [CPU] policy-onnx loaded (/data/models/policy-net.onnx)

      at Object.log [as initPolicyOnnxModel] (ui/handlers/cpu-policy.js:538:21)

    console.log
      [CPU] policy-table loaded (states=12, url=data/models/policy-table.json)

      at Object.log [as initPolicyTableModel] (ui/handlers/cpu-policy.js:634:21)

    console.log
      [CPU] policy-table loaded (states=42, url=/data/models/policy-table.json)

      at Object.log [as initPolicyTableModel] (ui/handlers/cpu-policy.js:634:21)

    console.error
      [CPU] table model unavailable: fetch failed { sourceUrl: 'data/models/policy-table.json' }

      174 |     try {
      175 |         if (typeof console !== 'undefined' && typeof console.error === 'function') {
    > 176 |             console.error(
          |                     ^
      177 |                 `[CPU] ${normalizedKind} model unavailable: ${errorMessage}`,
      178 |                 extra || {}
      179 |             );

      at error (ui/handlers/cpu-policy.js:176:21)
      at Object._reportCriticalModelLoadIssue [as initPolicyTableModel] (ui/handlers/cpu-policy.js:643:9)
      at Object.<anonymous> (test/ui.cpu-policy-handler.test.js:308:5)

PASS test/selfplay.generate-data.test.js
PASS test/game.gold-silver-destroy.test.js
PASS test/game.special-effects.ui-boundary.test.js
  笳・Console

    console.error
      [HYPERACTIVE] TurnPipelinePhases not available; cannot compute hyperactive moves safely from UI

      55 |                 TurnPipelinePhases.applyTurnStartPhase(CardLogic, Core, cardState, gameState, playerKey, events);
      56 |             } else {
    > 57 |                 console.error('[HYPERACTIVE] TurnPipelinePhases not available; cannot compute hyperactive moves safely from UI');
         |                         ^
      58 |                 return;
      59 |             }
      60 |         }

      at error (game/special-effects/hyperactive.js:57:25)
      at apply (test/game.special-effects.ui-boundary.test.js:77:24)
      at Object.isolateModules (test/game.special-effects.ui-boundary.test.js:50:14)

PASS test/turn-manager.retry.test.js
  笳・Console

    console.warn
      [presentation] BoardOps.emitPresentationEvent not available (events will be persisted)

      54 |     try {
      55 |         if (!__presentation_warned_no_boardops) {
    > 56 |             console.warn('[presentation] BoardOps.emitPresentationEvent not available (events will be persisted)');
         |                     ^
      57 |             __presentation_warned_no_boardops = true;
      58 |         }
      59 |     } catch (e) { /* ignore */ }

      at Object.warn [as emitPresentationEvent] (game/logic/presentation.js:56:21)
      at emitPresentationEvent (game/turn-manager.js:95:83)
      at Object.emitPresentationEventViaBoardOps [as handleCellClick] (game/turn-manager.js:354:11)
      at Object.handleCellClick (test/turn-manager.retry.test.js:63:8)

    console.log
      [resetGame] CPU Levels - Black: 2, White: 3

      at Object.log [as resetGame] (game/turn-manager.js:529:13)

    console.log
      [resetGame] CPU Levels - Black: 2, White: 3

      at Object.log [as resetGame] (game/turn-manager.js:529:13)

    console.log
      [resetGame] CPU Levels - Black: 2, White: 3

      at Object.log [as resetGame] (game/turn-manager.js:529:13)

    console.log
      [DEBUG][onTurnStart] enter {
        player: 1,
        playerKey: 'black',
        isProcessing: false,
        isCardAnimating: false,
        USE_TURN_PIPELINE: false
      }

      at log (game/turn-manager.js:651:13)

    console.error
      [CRITICAL][onTurnStart] Core is undefined; TurnPipelinePhases.applyTurnStartPhase may fail

      666 |         try {
      667 |             if (typeof Core === 'undefined') {
    > 668 |                 console.error('[CRITICAL][onTurnStart] Core is undefined; TurnPipelinePhases.applyTurnStartPhase may fail');
          |                         ^
      669 |             }
      670 |             // Provide runtime PRNG to pipeline so start-of-turn effects that need randomness can run in browser
      671 |             const runtimePrng = (typeof getGamePrng === 'function') ? getGamePrng() : ((typeof __uiImpl !== 'undefined' && __uiImpl && typeof __uiImpl.getGamePrng === 'function') ? __uiImpl.getGamePrng() : undefined);

      at error (game/turn-manager.js:668:25)
      at onTurnStart (game/turn-manager.js:598:16)
      at runTurnStartAfterReset (game/turn-manager.js:603:25)

    console.log
      [onTurnStart] runtimePrng available: false

      at log (game/turn-manager.js:672:72)

    console.error
      [CRITICAL][onTurnStart] TurnPipelinePhases.applyTurnStartPhase threw ReferenceError: CardLogic is not defined
          at CardLogic (C:\Users\quarr\Desktop\othello_v2\game\turn-manager.js:673:52)
          at onTurnStart (C:\Users\quarr\Desktop\othello_v2\game\turn-manager.js:598:16)
          at runTurnStartAfterReset (C:\Users\quarr\Desktop\othello_v2\game\turn-manager.js:603:25)

      689 |             }
      690 |         } catch (e) {
    > 691 |             console.error('[CRITICAL][onTurnStart] TurnPipelinePhases.applyTurnStartPhase threw', e && e.stack || e);
          |                     ^
      692 |             // Continue gracefully - avoid bubbling exception to caller
      693 |         }
      694 |     } else {

      at error (game/turn-manager.js:691:21)
      at onTurnStart (game/turn-manager.js:598:16)
      at runTurnStartAfterReset (game/turn-manager.js:603:25)

    console.log
      [DEBUG][onTurnStart] exit {
        playerKey: 'black',
        handSizeBefore: 0,
        handSizeAfter: 0,
        newTurnCount: 0,
        isProcessing: false,
        isCardAnimating: false,
        pendingEffect: { black: null, white: null }
      }

      at log (game/turn-manager.js:707:13)

PASS test/regression.udr-crystal-fixes.test.js
  笳・Console

    console.warn
      [presentation] BoardOps.emitPresentationEvent not available (events will be persisted)

      54 |     try {
      55 |         if (!__presentation_warned_no_boardops) {
    > 56 |             console.warn('[presentation] BoardOps.emitPresentationEvent not available (events will be persisted)');
         |                     ^
      57 |             __presentation_warned_no_boardops = true;
      58 |         }
      59 |     } catch (e) { /* ignore */ }

      at Object.warn [as emitPresentationEvent] (game/logic/presentation.js:56:21)
      at Object.emitPresentationEvent [as addMarker] (game/logic/cards/markers.js:364:36)
      at Object.addMarker (game/logic/cards.js:1623:38)
      at Object.addMarker [as applyPlacementEffects] (game/logic/cards-internal/effect-timing.js:355:25)
      at Object.applyPlacementEffects (game/logic/cards.js:4224:39)
      at Object.applyPlacementEffects [as applyActionPhase] (game/turn/turn_pipeline_phases.js:1830:39)
      at Object.applyActionPhase (test/regression.udr-crystal-fixes.test.js:95:28)

PASS test/game.special-effects.bombs.batch.test.js
PASS test/game.free-placement-like-pending.test.js
  笳・Console

    console.warn
      [presentation] BoardOps.emitPresentationEvent not available (events will be persisted)

      54 |     try {
      55 |         if (!__presentation_warned_no_boardops) {
    > 56 |             console.warn('[presentation] BoardOps.emitPresentationEvent not available (events will be persisted)');
         |                     ^
      57 |             __presentation_warned_no_boardops = true;
      58 |         }
      59 |     } catch (e) { /* ignore */ }

      at Object.warn [as emitPresentationEvent] (game/logic/presentation.js:56:21)
      at Object.emitPresentationEvent [as addMarker] (game/logic/cards/markers.js:364:36)
      at Object.addMarker (game/logic/cards.js:1623:38)
      at Object.addMarker [as applyPlacementEffects] (game/logic/cards-internal/effect-timing.js:355:25)
      at Object.applyPlacementEffects (game/logic/cards.js:4224:39)
      at Object.applyPlacementEffects [as applyActionPhase] (game/turn/turn_pipeline_phases.js:1830:39)
      at applyActionPhase (test/game.free-placement-like-pending.test.js:89:26)

PASS test/selfplay.training-preset.test.js
PASS test/game.board-expansion-will.test.js
PASS test/game.move-generator.expansion-pending.test.js
PASS test/game.blockade-will.test.js
  笳・Console

    console.warn
      [presentation] BoardOps.emitPresentationEvent not available (events will be persisted)

      54 |     try {
      55 |         if (!__presentation_warned_no_boardops) {
    > 56 |             console.warn('[presentation] BoardOps.emitPresentationEvent not available (events will be persisted)');
         |                     ^
      57 |             __presentation_warned_no_boardops = true;
      58 |         }
      59 |     } catch (e) { /* ignore */ }

      at Object.warn [as emitPresentationEvent] (game/logic/presentation.js:56:21)
      at Object.emitPresentationEvent [as addMarker] (game/logic/cards/markers.js:364:36)
      at addMarker (game/logic/cards.js:1623:38)
      at Object.addMarker [as applyBlockadeWill] (game/logic/cards.js:3419:9)
      at Object.applyBlockadeWill (test/game.blockade-will.test.js:33:32)

    console.log
      [HYPERACTIVE] moveHyperactiveOnce candidates 1 at { row: 4, col: 4, owner: 'black' }

      at log (game/logic/cards/hyperactive.js:855:68)

    console.log
      [HYPERACTIVE] selected target {
        target: { row: 5, col: 5, occupied: false },
        candidatesLen: 1,
        markerType: 'HYPERACTIVE'
      }

      at log (game/logic/cards/hyperactive.js:984:68)

PASS test/scripts.prepare-worker-assets.test.js
  笳・Console

    console.log
      [worker-prepare] mirror-verified files=1

      at log (scripts/prepare-worker-assets.js:315:13)

    console.log
      [worker-prepare] output=C:\Users\quarr\AppData\Local\Temp\worker-prepare-root-BFlcPP\worker-public-out

      at log (scripts/prepare-worker-assets.js:338:13)

    console.log
      [worker-prepare] mirror-verified files=1

      at log (scripts/prepare-worker-assets.js:315:13)

    console.log
      [worker-prepare] output=C:\Users\quarr\AppData\Local\Temp\worker-prepare-assets-A3HiW7\worker-public-out

      at log (scripts/prepare-worker-assets.js:338:13)

PASS test/game.will-hunter-king.test.js
  笳・Console

    console.warn
      [presentation] BoardOps.emitPresentationEvent not available (events will be persisted)

      54 |     try {
      55 |         if (!__presentation_warned_no_boardops) {
    > 56 |             console.warn('[presentation] BoardOps.emitPresentationEvent not available (events will be persisted)');
         |                     ^
      57 |             __presentation_warned_no_boardops = true;
      58 |         }
      59 |     } catch (e) { /* ignore */ }

      at Object.warn [as emitPresentationEvent] (game/logic/presentation.js:56:21)
      at Object.emitPresentationEvent [as addMarker] (game/logic/cards/markers.js:364:36)
      at Object.addMarker (game/logic/cards.js:1623:38)
      at Object.addMarker [as applyPlacementEffects] (game/logic/cards-internal/effect-timing.js:396:21)
      at Object.applyPlacementEffects (game/logic/cards.js:4224:39)
      at Object.applyPlacementEffects (test/game.will-hunter-king.test.js:36:31)

PASS test/game.heaven-blessing.test.js
PASS test/game.gluttonous-will.test.js
  笳・Console

    console.warn
      [presentation] BoardOps.emitPresentationEvent not available (events will be persisted)

      54 |     try {
      55 |         if (!__presentation_warned_no_boardops) {
    > 56 |             console.warn('[presentation] BoardOps.emitPresentationEvent not available (events will be persisted)');
         |                     ^
      57 |             __presentation_warned_no_boardops = true;
      58 |         }
      59 |     } catch (e) { /* ignore */ }

      at Object.warn [as emitPresentationEvent] (game/logic/presentation.js:56:21)
      at Object.emitPresentationEvent [as addMarker] (game/logic/cards/markers.js:364:36)
      at Object.addMarker (game/logic/cards.js:1623:38)
      at Object.addMarker [as applyPlacementEffects] (game/logic/cards-internal/effect-timing.js:466:21)
      at Object.applyPlacementEffects (game/logic/cards.js:4224:39)
      at Object.applyPlacementEffects (test/game.gluttonous-will.test.js:57:31)

PASS test/game.freeze-will.test.js
  笳・Console

    console.warn
      [presentation] BoardOps.emitPresentationEvent not available (events will be persisted)

      54 |     try {
      55 |         if (!__presentation_warned_no_boardops) {
    > 56 |             console.warn('[presentation] BoardOps.emitPresentationEvent not available (events will be persisted)');
         |                     ^
      57 |             __presentation_warned_no_boardops = true;
      58 |         }
      59 |     } catch (e) { /* ignore */ }

      at Object.warn [as emitPresentationEvent] (game/logic/presentation.js:56:21)
      at Object.emitPresentationEvent [as addMarker] (game/logic/cards/markers.js:364:36)
      at addMarker (game/logic/cards.js:1623:38)
      at Object.addMarker [as applyFreezeWill] (game/logic/cards.js:3506:9)
      at Object.applyFreezeWill (test/game.freeze-will.test.js:34:27)

PASS test/game.last-resort.test.js
PASS test/game.expansion-fallback-helpers.test.js
PASS test/game.cards.reshuffle-cycle.test.js
PASS test/ui.story-deck-lab-state.test.js
PASS test/selfplay.teacher-solutions.test.js
PASS test/selfplay.generate-parallel.test.js
PASS test/game.pass-handler.test.js
  笳・Console

    console.error
      [PASS-HANDLER] Pass rejected: [
        {
          type: 'action_rejected',
          reason: 'ILLEGAL_PASS',
          message: 'Illegal pass: usable card available'
        }
      ]

      315 |         const result = TurnPipeline.applyTurnSafe(cardState, gameState, playerKey, action);
      316 |         if (!result.ok) {
    > 317 |             console.error('[PASS-HANDLER] Pass rejected:', result.events);
          |                     ^
      318 |             // Log rejected event but continue - do NOT record
      319 |             return { ok: false, events: result.events };
      320 |         }

      at error (game/pass-handler.js:317:21)
      at Object.applyPassViaPipeline [as processPassTurn] (game/pass-handler.js:512:20)
      at Object.processPassTurn (test/game.pass-handler.test.js:86:25)

    console.error
      [PASS-HANDLER] Pass rejected: [
        {
          type: 'action_rejected',
          reason: 'ILLEGAL_PASS',
          message: 'Illegal pass: legal moves available'
        }
      ]

      315 |         const result = TurnPipeline.applyTurnSafe(cardState, gameState, playerKey, action);
      316 |         if (!result.ok) {
    > 317 |             console.error('[PASS-HANDLER] Pass rejected:', result.events);
          |                     ^
      318 |             // Log rejected event but continue - do NOT record
      319 |             return { ok: false, events: result.events };
      320 |         }

      at error (game/pass-handler.js:317:21)
      at Object.applyPassViaPipeline [as processPassTurn] (game/pass-handler.js:512:20)
      at Object.processPassTurn (test/game.pass-handler.test.js:103:25)

    console.warn
      [PASS-HANDLER] Pass was rejected; keeping current turn

      251 | function handleRejectedPass() {
      252 |     if (finalizeNoActionTerminal()) return true;
    > 253 |     console.warn('[PASS-HANDLER] Pass was rejected; keeping current turn');
          |             ^
      254 |     isProcessing = false;
      255 |     return false;
      256 | }

      at warn (game/pass-handler.js:253:13)
      at Object.handleRejectedPass [as processPassTurn] (game/pass-handler.js:514:16)
      at Object.processPassTurn (test/game.pass-handler.test.js:103:25)

PASS test/game.instant-hyperactive-will.test.js
  笳・Console

    console.warn
      [presentation] BoardOps.emitPresentationEvent not available (events will be persisted)

      54 |     try {
      55 |         if (!__presentation_warned_no_boardops) {
    > 56 |             console.warn('[presentation] BoardOps.emitPresentationEvent not available (events will be persisted)');
         |                     ^
      57 |             __presentation_warned_no_boardops = true;
      58 |         }
      59 |     } catch (e) { /* ignore */ }

      at Object.warn [as emitPresentationEvent] (game/logic/presentation.js:56:21)
      at Object.emitPresentationEvent [as addMarker] (game/logic/cards/markers.js:364:36)
      at Object.addMarker (game/logic/cards.js:1623:38)
      at Object.addMarker [as applyPlacementEffects] (game/logic/cards-internal/effect-timing.js:477:21)
      at Object.applyPlacementEffects (game/logic/cards.js:4224:39)
      at Object.applyPlacementEffects (test/game.instant-hyperactive-will.test.js:25:31)

    console.log
      [HYPERACTIVE] moveHyperactiveOnce candidates 4 at { row: 2, col: 3, owner: 'black' }

      at log (game/logic/cards/hyperactive.js:855:68)

    console.log
      [HYPERACTIVE] selected target {
        target: { row: 1, col: 2, occupied: false },
        candidatesLen: 4,
        markerType: 'HYPERACTIVE'
      }

      at log (game/logic/cards/hyperactive.js:984:68)

    console.log
      [HYPERACTIVE] moveHyperactiveOnce candidates 7 at { row: 1, col: 2, owner: 'black' }

      at log (game/logic/cards/hyperactive.js:855:68)

    console.log
      [HYPERACTIVE] selected target {
        target: { row: 0, col: 1, occupied: false },
        candidatesLen: 7,
        markerType: 'HYPERACTIVE'
      }

      at log (game/logic/cards/hyperactive.js:984:68)

    console.log
      [HYPERACTIVE] moveHyperactiveOnce candidates 5 at { row: 0, col: 1, owner: 'black' }

      at log (game/logic/cards/hyperactive.js:855:68)

    console.log
      [HYPERACTIVE] selected target {
        target: { row: 0, col: 0, occupied: false },
        candidatesLen: 5,
        markerType: 'HYPERACTIVE'
      }

      at log (game/logic/cards/hyperactive.js:984:68)

    console.log
      [TurnPipeline] hyperactivePlaced detected on placement 窶・immediate activation suppressed by spec

      at Object.log [as applyActionPhase] (game/turn/turn_pipeline_phases.js:1941:76)

PASS test/selfplay.policy-action-score.test.js
PASS test/game.x-bomb.test.js
PASS test/game.ui-boundary.test.js
PASS test/game.udg-duration.test.js
  笳・Console

    console.warn
      [presentation] BoardOps.emitPresentationEvent not available (events will be persisted)

      54 |     try {
      55 |         if (!__presentation_warned_no_boardops) {
    > 56 |             console.warn('[presentation] BoardOps.emitPresentationEvent not available (events will be persisted)');
         |                     ^
      57 |             __presentation_warned_no_boardops = true;
      58 |         }
      59 |     } catch (e) { /* ignore */ }

      at Object.warn [as emitPresentationEvent] (game/logic/presentation.js:56:21)
      at Object.emitPresentationEvent [as addMarker] (game/logic/cards/markers.js:364:36)
      at Object.addMarker (game/logic/cards.js:1623:38)
      at Object.addMarker [as applyPlacementEffects] (game/logic/cards-internal/effect-timing.js:372:21)
      at Object.applyPlacementEffects (game/logic/cards.js:4224:39)
      at Object.applyPlacementEffects (test/game.udg-duration.test.js:27:31)

PASS test/game.trap-will.test.js
  笳・Console

    console.warn
      [presentation] BoardOps.emitPresentationEvent not available (events will be persisted)

      54 |     try {
      55 |         if (!__presentation_warned_no_boardops) {
    > 56 |             console.warn('[presentation] BoardOps.emitPresentationEvent not available (events will be persisted)');
         |                     ^
      57 |             __presentation_warned_no_boardops = true;
      58 |         }
      59 |     } catch (e) { /* ignore */ }

      at Object.warn [as emitPresentationEvent] (game/logic/presentation.js:56:21)
      at Object.emitPresentationEvent [as addMarker] (game/logic/cards/markers.js:364:36)
      at addMarker (game/logic/cards.js:1623:38)
      at Object.addMarker [as applyTrapWill] (game/logic/cards.js:2729:9)
      at Object.applyTrapWill (test/game.trap-will.test.js:32:31)

PASS test/game.time-bomb-selection.test.js
  笳・Console

    console.warn
      [presentation] BoardOps.emitPresentationEvent not available (events will be persisted)

      54 |     try {
      55 |         if (!__presentation_warned_no_boardops) {
    > 56 |             console.warn('[presentation] BoardOps.emitPresentationEvent not available (events will be persisted)');
         |                     ^
      57 |             __presentation_warned_no_boardops = true;
      58 |         }
      59 |     } catch (e) { /* ignore */ }

      at Object.warn [as emitPresentationEvent] (game/logic/presentation.js:56:21)
      at Object.emitPresentationEvent [as addMarker] (game/logic/cards/markers.js:364:36)
      at addMarker (game/logic/cards.js:1623:38)
      at addMarker (game/logic/cards/time_bomb.js:241:9)
      at Object.applyTimeBomb [as applyTimeBombWill] (game/logic/cards/time_bomb.js:262:27)
      at Object.applyTimeBombWill (game/logic/cards.js:3043:32)
      at Object.applyTimeBombWill (test/game.time-bomb-selection.test.js:40:31)

PASS test/game.split-will.test.js
  笳・Console

    console.warn
      [presentation] BoardOps.emitPresentationEvent not available (events will be persisted)

      54 |     try {
      55 |         if (!__presentation_warned_no_boardops) {
    > 56 |             console.warn('[presentation] BoardOps.emitPresentationEvent not available (events will be persisted)');
         |                     ^
      57 |             __presentation_warned_no_boardops = true;
      58 |         }
      59 |     } catch (e) { /* ignore */ }

      at Object.warn [as emitPresentationEvent] (game/logic/presentation.js:56:21)
      at Object.emitPresentationEvent [as addMarker] (game/logic/cards/markers.js:364:36)
      at addMarker (game/logic/cards.js:1623:38)
      at Object.addMarker [as applySplitWill] (game/logic/cards/clone.js:185:13)
      at Object.applySplitWill (game/logic/cards.js:3196:36)
      at Object.applySplitWill (test/game.split-will.test.js:64:27)

PASS test/game.ribo-will.test.js
PASS test/game.meteor-will.test.js
  笳・Console

    console.warn
      [presentation] BoardOps.emitPresentationEvent not available (events will be persisted)

      54 |     try {
      55 |         if (!__presentation_warned_no_boardops) {
    > 56 |             console.warn('[presentation] BoardOps.emitPresentationEvent not available (events will be persisted)');
         |                     ^
      57 |             __presentation_warned_no_boardops = true;
      58 |         }
      59 |     } catch (e) { /* ignore */ }

      at Object.warn [as emitPresentationEvent] (game/logic/presentation.js:56:21)
      at Object.emitPresentationEvent [as addMarker] (game/logic/cards/markers.js:364:36)
      at addMarker (game/logic/cards.js:1623:38)
      at Object.addMarker [as applyMeteorWill] (game/logic/cards/meteor.js:71:9)
      at Object.applyMeteorWill (game/logic/cards.js:3430:37)
      at Object.applyMeteorWill (test/game.meteor-will.test.js:40:27)

PASS test/game.extend-life-work-will.test.js
  笳・Console

    console.warn
      [presentation] BoardOps.emitPresentationEvent not available (events will be persisted)

      54 |     try {
      55 |         if (!__presentation_warned_no_boardops) {
    > 56 |             console.warn('[presentation] BoardOps.emitPresentationEvent not available (events will be persisted)');
         |                     ^
      57 |             __presentation_warned_no_boardops = true;
      58 |         }
      59 |     } catch (e) { /* ignore */ }

      at Object.warn [as emitPresentationEvent] (game/logic/presentation.js:56:21)
      at Object.emitPresentationEvent [as addMarker] (game/logic/cards/markers.js:364:36)
      at addMarker (game/logic/cards/work_will.js:219:29)
      at Object.addMarker [as placeWorkStone] (game/logic/cards/work_will.js:239:9)
      at Object.placeWorkStone (test/game.extend-life-work-will.test.js:222:28)

PASS test/game.double-place-pipeline.test.js
PASS test/game.cross-bomb.test.js
PASS test/game.cell-teleport-will.test.js
  笳・Console

    console.warn
      [presentation] BoardOps.emitPresentationEvent not available (events will be persisted)

      54 |     try {
      55 |         if (!__presentation_warned_no_boardops) {
    > 56 |             console.warn('[presentation] BoardOps.emitPresentationEvent not available (events will be persisted)');
         |                     ^
      57 |             __presentation_warned_no_boardops = true;
      58 |         }
      59 |     } catch (e) { /* ignore */ }

      at Object.warn [as emitPresentationEvent] (game/logic/presentation.js:56:21)
      at Object.emitPresentationEvent [as addMarker] (game/logic/cards/markers.js:364:36)
      at addMarker (game/logic/cards.js:1623:38)
      at addMarker (game/logic/cards/teleport.js:58:9)
      at Object.leaveMeteorHoleAt [as applyCellTeleportWill] (game/logic/cards/teleport.js:167:9)
      at Object.applyCellTeleportWill (game/logic/cards.js:3792:39)
      at Object.applyCellTeleportWill (test/game.cell-teleport-will.test.js:97:27)

PASS test/selfplay.policy-quality-gate.test.js
PASS test/game.regen.consume-visual.test.js
  笳・Console

    console.warn
      [presentation] BoardOps.emitPresentationEvent not available (events will be persisted)

      54 |     try {
      55 |         if (!__presentation_warned_no_boardops) {
    > 56 |             console.warn('[presentation] BoardOps.emitPresentationEvent not available (events will be persisted)');
         |                     ^
      57 |             __presentation_warned_no_boardops = true;
      58 |         }
      59 |     } catch (e) { /* ignore */ }

      at Object.warn [as emitPresentationEvent] (game/logic/presentation.js:56:21)
      at Object.emitPresentationEvent [as addMarker] (game/logic/cards/markers.js:364:36)
      at addMarker (game/logic/cards/regen.js:125:29)
      at Object.addMarker [as applyRegenWill] (game/logic/cards/regen.js:155:9)
      at Object.applyRegenWill (test/game.regen.consume-visual.test.js:8:27)

PASS test/game.pipeline-ui-adapter.sound-cue.test.js
PASS test/game.perma-protected-next-stone.test.js
  笳・Console

    console.warn
      [presentation] BoardOps.emitPresentationEvent not available (events will be persisted)

      54 |     try {
      55 |         if (!__presentation_warned_no_boardops) {
    > 56 |             console.warn('[presentation] BoardOps.emitPresentationEvent not available (events will be persisted)');
         |                     ^
      57 |             __presentation_warned_no_boardops = true;
      58 |         }
      59 |     } catch (e) { /* ignore */ }

      at Object.warn [as emitPresentationEvent] (game/logic/presentation.js:56:21)
      at Object.emitPresentationEvent [as addMarker] (game/logic/cards/markers.js:364:36)
      at addMarker (game/logic/cards.js:1623:38)
      at Object.addMarker [as applyStrongWill] (game/logic/cards.js:4259:13)
      at Object.applyStrongWill [as applyPlacementEffects] (game/logic/cards-internal/effect-timing.js:313:37)
      at Object.applyPlacementEffects (game/logic/cards.js:4224:39)
      at Object.applyPlacementEffects [as applyActionPhase] (game/turn/turn_pipeline_phases.js:1830:39)
      at Object.applyActionPhase [as applyTurn] (game/turn/turn_pipeline.js:80:28)
      at Object.applyTurn (test/game.perma-protected-next-stone.test.js:56:35)

PASS test/game.extreme-hyperactive-will.test.js
  笳・Console

    console.warn
      [presentation] BoardOps.emitPresentationEvent not available (events will be persisted)

      54 |     try {
      55 |         if (!__presentation_warned_no_boardops) {
    > 56 |             console.warn('[presentation] BoardOps.emitPresentationEvent not available (events will be persisted)');
         |                     ^
      57 |             __presentation_warned_no_boardops = true;
      58 |         }
      59 |     } catch (e) { /* ignore */ }

      at Object.warn [as emitPresentationEvent] (game/logic/presentation.js:56:21)
      at Object.emitPresentationEvent [as addMarker] (game/logic/cards/markers.js:364:36)
      at Object.addMarker (game/logic/cards.js:1623:38)
      at Object.addMarker [as applyPlacementEffects] (game/logic/cards-internal/effect-timing.js:433:21)
      at Object.applyPlacementEffects (game/logic/cards.js:4224:39)
      at Object.applyPlacementEffects (test/game.extreme-hyperactive-will.test.js:24:31)

    console.log
      [TurnPipeline] processing HYPERACTIVE anchor {
        row: 3,
        col: 3,
        owner: 'black',
        type: 'EXTREME_HYPERACTIVE',
        createdSeq: 0
      }

      at Object.log [as applyTurnStartPhase] (game/turn/turn_pipeline_phases.js:591:84)

    console.log
      [HYPERACTIVE] moveHyperactiveOnce candidates 8 at { row: 3, col: 3, owner: 'black' }

      at log (game/logic/cards/hyperactive.js:855:68)

    console.log
      [HYPERACTIVE] selected target {
        target: { row: 3, col: 4, occupied: false },
        candidatesLen: 8,
        markerType: 'EXTREME_HYPERACTIVE'
      }

      at log (game/logic/cards/hyperactive.js:984:68)

    console.log
      [TurnPipeline] hyperactive result {
        row: 3,
        col: 3,
        owner: 'black',
        type: 'EXTREME_HYPERACTIVE',
        res: {
          moved: [ [Object] ],
          destroyed: [],
          flipped: [ [Object], [Object] ],
          repelled: [ [Object], [Object], [Object] ],
          ownerKey: 'black'
        }
      }

      at Object.log [as applyTurnStartPhase] (game/turn/turn_pipeline_phases.js:596:84)

    console.log
      [TurnPipeline] processing HYPERACTIVE anchor {
        row: 3,
        col: 3,
        owner: 'black',
        type: 'EXTREME_HYPERACTIVE',
        createdSeq: 0
      }

      at Object.log [as applyTurnStartPhase] (game/turn/turn_pipeline_phases.js:591:84)

    console.log
      [HYPERACTIVE] moveHyperactiveOnce candidates 8 at { row: 3, col: 3, owner: 'black' }

      at log (game/logic/cards/hyperactive.js:855:68)

    console.log
      [HYPERACTIVE] selected target {
        target: { row: 3, col: 4, occupied: false },
        candidatesLen: 8,
        markerType: 'EXTREME_HYPERACTIVE'
      }

      at log (game/logic/cards/hyperactive.js:984:68)

    console.log
      [TurnPipeline] hyperactive result {
        row: 3,
        col: 3,
        owner: 'black',
        type: 'EXTREME_HYPERACTIVE',
        res: {
          moved: [ [Object] ],
          destroyed: [],
          flipped: [],
          repelled: [ [Object], [Object] ],
          ownerKey: 'black'
        }
      }

      at Object.log [as applyTurnStartPhase] (game/turn/turn_pipeline_phases.js:596:84)

    console.log
      [TurnPipeline] processing HYPERACTIVE anchor {
        row: 3,
        col: 3,
        owner: 'black',
        type: 'EXTREME_HYPERACTIVE',
        createdSeq: 0
      }

      at Object.log [as applyTurnStartPhase] (game/turn/turn_pipeline_phases.js:591:84)

    console.log
      [HYPERACTIVE] moveHyperactiveOnce candidates 8 at { row: 3, col: 3, owner: 'black' }

      at log (game/logic/cards/hyperactive.js:855:68)

    console.log
      [HYPERACTIVE] selected target {
        target: { row: 2, col: 2, occupied: true },
        candidatesLen: 8,
        markerType: 'EXTREME_HYPERACTIVE'
      }

      at log (game/logic/cards/hyperactive.js:984:68)

    console.log
      [TurnPipeline] hyperactive result {
        row: 3,
        col: 3,
        owner: 'black',
        type: 'EXTREME_HYPERACTIVE',
        res: {
          moved: [ [Object] ],
          destroyed: [],
          flipped: [ [Object] ],
          repelled: [ [Object] ],
          ownerKey: 'black'
        }
      }

      at Object.log [as applyTurnStartPhase] (game/turn/turn_pipeline_phases.js:596:84)

PASS test/game.condemn-will.test.js
PASS test/game.breeding-frontier.test.js
PASS test/shared.story-deck-codec.test.js
PASS test/game.teleport-will.test.js
PASS test/game.strong-wind.test.js
PASS test/game.observer-will.test.js
  笳・Console

    console.warn
      [presentation] BoardOps.emitPresentationEvent not available (events will be persisted)

      54 |     try {
      55 |         if (!__presentation_warned_no_boardops) {
    > 56 |             console.warn('[presentation] BoardOps.emitPresentationEvent not available (events will be persisted)');
         |                     ^
      57 |             __presentation_warned_no_boardops = true;
      58 |         }
      59 |     } catch (e) { /* ignore */ }

      at Object.warn [as emitPresentationEvent] (game/logic/presentation.js:56:21)
      at Object.emitPresentationEvent [as addMarker] (game/logic/cards/markers.js:364:36)
      at Object.addMarker (game/logic/cards.js:1623:38)
      at Object.addMarker [as applyPlacementEffects] (game/logic/cards-internal/effect-timing.js:388:21)
      at Object.applyPlacementEffects (game/logic/cards.js:4224:39)
      at Object.applyPlacementEffects (test/game.observer-will.test.js:51:31)

PASS test/game.move-executor.presentation.test.js
  笳・Console

    console.error
      CardLogic/CoreLogic is not loaded.

      119 |
      120 | if (typeof CardLogic === 'undefined') {
    > 121 |     console.error('CardLogic/CoreLogic is not loaded.');
          |             ^
      122 | }
      123 |
      124 | async function executeMove(move) {

      at error (game/move-executor.js:121:13)
      at Object.<anonymous> (game/move-executor.js:392:2)
      at Object.require (test/game.move-executor.presentation.test.js:23:30)

    console.error
      CardLogic is not loaded. Please include game/logic/cards.js

      4 |
      5 | if (typeof CardLogic === 'undefined') {
    > 6 |     console.error('CardLogic is not loaded. Please include game/logic/cards.js');
        |             ^
      7 | }
      8 |
      9 | // Global card state container (reference stable)

      at Object.error (card-system.js:6:13)
      at Object.require [as executeMoveViaPipeline] (game/move-executor.js:213:32)
      at Object.executeMoveViaPipeline (test/game.move-executor.presentation.test.js:42:28)

PASS test/game.gold-silver-pipeline.test.js
PASS test/game.cpu-policy-onnx-runtime.test.js
PASS test/game.board-bonus.test.js
PASS test/game.guard-will.test.js
  笳・Console

    console.warn
      [presentation] BoardOps.emitPresentationEvent not available (events will be persisted)

      54 |     try {
      55 |         if (!__presentation_warned_no_boardops) {
    > 56 |             console.warn('[presentation] BoardOps.emitPresentationEvent not available (events will be persisted)');
         |                     ^
      57 |             __presentation_warned_no_boardops = true;
      58 |         }
      59 |     } catch (e) { /* ignore */ }

      at Object.warn [as emitPresentationEvent] (game/logic/presentation.js:56:21)
      at Object.emitPresentationEvent [as addMarker] (game/logic/cards/markers.js:364:36)
      at addMarker (game/logic/cards.js:1623:38)
      at Object.addMarker [as applyGuardWill] (game/logic/cards.js:2911:9)
      at Object.applyGuardWill (test/game.guard-will.test.js:32:31)

PASS test/game.destroy-dragon-will.test.js
  笳・Console

    console.warn
      [presentation] BoardOps.emitPresentationEvent not available (events will be persisted)

      54 |     try {
      55 |         if (!__presentation_warned_no_boardops) {
    > 56 |             console.warn('[presentation] BoardOps.emitPresentationEvent not available (events will be persisted)');
         |                     ^
      57 |             __presentation_warned_no_boardops = true;
      58 |         }
      59 |     } catch (e) { /* ignore */ }

      at Object.warn [as emitPresentationEvent] (game/logic/presentation.js:56:21)
      at Object.emitPresentationEvent [as addMarker] (game/logic/cards/markers.js:364:36)
      at Object.addMarker (game/logic/cards.js:1623:38)
      at Object.addMarker [as applyPlacementEffects] (game/logic/cards-internal/effect-timing.js:406:21)
      at Object.applyPlacementEffects (game/logic/cards.js:4224:39)
      at Object.applyPlacementEffects (test/game.destroy-dragon-will.test.js:44:31)

PASS test/ui.animation-engine.hand-add.test.js
PASS test/index.local-script-paths.test.js
PASS test/game.swap-normal-only.test.js
PASS test/game.sniper-will.test.js
  笳・Console

    console.warn
      [presentation] BoardOps.emitPresentationEvent not available (events will be persisted)

      54 |     try {
      55 |         if (!__presentation_warned_no_boardops) {
    > 56 |             console.warn('[presentation] BoardOps.emitPresentationEvent not available (events will be persisted)');
         |                     ^
      57 |             __presentation_warned_no_boardops = true;
      58 |         }
      59 |     } catch (e) { /* ignore */ }

      at Object.warn [as emitPresentationEvent] (game/logic/presentation.js:56:21)
      at Object.emitPresentationEvent [as addMarker] (game/logic/cards/markers.js:364:36)
      at Object.addMarker (game/logic/cards.js:1623:38)
      at Object.addMarker [as applyPlacementEffects] (game/logic/cards-internal/effect-timing.js:380:21)
      at Object.applyPlacementEffects (game/logic/cards.js:4224:39)
      at Object.applyPlacementEffects [as applyActionPhase] (game/turn/turn_pipeline_phases.js:1830:39)
      at Object.applyActionPhase [as applyTurn] (game/turn/turn_pipeline.js:80:28)
      at Object.applyTurn (test/game.sniper-will.test.js:37:30)

PASS test/game.chain-will-single-direction-choice.test.js
PASS test/game.cards.markers-duration-module.test.js
PASS test/cpu.turn-handler.commentary.test.js
PASS test/game.turn-pipeline.out-of-turn.test.js
PASS test/game.super-buoyancy-will.test.js
PASS test/game.pass-clears-pending.test.js
PASS test/game.escape-will.test.js
  笳・Console

    console.warn
      [presentation] BoardOps.emitPresentationEvent not available (events will be persisted)

      54 |     try {
      55 |         if (!__presentation_warned_no_boardops) {
    > 56 |             console.warn('[presentation] BoardOps.emitPresentationEvent not available (events will be persisted)');
         |                     ^
      57 |             __presentation_warned_no_boardops = true;
      58 |         }
      59 |     } catch (e) { /* ignore */ }

      at Object.warn [as emitPresentationEvent] (game/logic/presentation.js:56:21)
      at Object.emitPresentationEvent [as addMarker] (game/logic/cards/markers.js:364:36)
      at Object.addMarker (game/logic/cards.js:1623:38)
      at Object.addMarker [as applyPlacementEffects] (game/logic/cards-internal/effect-timing.js:444:21)
      at Object.applyPlacementEffects (game/logic/cards.js:4224:39)
      at Object.applyPlacementEffects (test/game.escape-will.test.js:30:31)

    console.log
      [HYPERACTIVE] moveHyperactiveOnce candidates 7 at { row: 3, col: 3, owner: 'black' }

      at log (game/logic/cards/hyperactive.js:855:68)

    console.log
      [HYPERACTIVE] selected target {
        target: { row: 2, col: 2, occupied: false },
        candidatesLen: 7,
        markerType: 'ESCAPE_HYPERACTIVE'
      }

      at log (game/logic/cards/hyperactive.js:984:68)

    console.log
      [HYPERACTIVE] moveHyperactiveOnce candidates 0 at { row: 3, col: 3, owner: 'black' }

      at log (game/logic/cards/hyperactive.js:855:68)

    console.log
      [HYPERACTIVE] moveHyperactiveOnce candidates 1 at { row: 3, col: 0, owner: 'black' }

      at log (game/logic/cards/hyperactive.js:855:68)

    console.log
      [HYPERACTIVE] selected target {
        target: { row: 3, col: -1, occupied: false },
        candidatesLen: 1,
        markerType: 'ESCAPE_HYPERACTIVE'
      }

      at log (game/logic/cards/hyperactive.js:984:68)

PASS test/game.corner-tribute-will.test.js
PASS test/cards.generate.test.js
PASS test/index.card-module-scripts.test.js
PASS test/game.turn-pipeline.destroy-hand-card.test.js
PASS test/game.special-stone-visual-rule.test.js
PASS test/game.pipeline-ui-adapter.effect-logs.anchor-expire.test.js
PASS test/game.pipeline-ui-adapter.draw.test.js
PASS test/game.gold-silver-adapter.test.js
PASS test/game.cards.charge-ledger-module.test.js
PASS test/game.cards.card-used-presentation.test.js
PASS test/cpu.decision.selection-only-movement.test.js
  笳・Console

    console.warn
      [presentation] BoardOps.emitPresentationEvent not available (events will be persisted)

      54 |     try {
      55 |         if (!__presentation_warned_no_boardops) {
    > 56 |             console.warn('[presentation] BoardOps.emitPresentationEvent not available (events will be persisted)');
         |                     ^
      57 |             __presentation_warned_no_boardops = true;
      58 |         }
      59 |     } catch (e) { /* ignore */ }

      at Object.warn [as emitPresentationEvent] (game/logic/presentation.js:56:21)
      at emitPresentationEvent (game/cpu-decision.js:1406:31)
      at emitPresentationEventForCpu (game/cpu-decision.js:1671:9)
      at Object.runCpuPendingSelectionViaPipeline [as cpuSelectSuperBuoyancyWillWithPolicy] (game/cpu-decision.js:4632:28)
      at Object.<anonymous> (test/cpu.decision.selection-only-movement.test.js:108:5)

PASS test/cards.catalog.test.js
PASS test/ui.layout-responsive.aspect-ratio.test.js
PASS test/game.visualeffects.registration.test.js
PASS test/game.ultimate-hyperactive.turn-start.test.js
PASS test/game.robot-vacuum-will.test.js
  笳・Console

    console.warn
      [presentation] BoardOps.emitPresentationEvent not available (events will be persisted)

      54 |     try {
      55 |         if (!__presentation_warned_no_boardops) {
    > 56 |             console.warn('[presentation] BoardOps.emitPresentationEvent not available (events will be persisted)');
         |                     ^
      57 |             __presentation_warned_no_boardops = true;
      58 |         }
      59 |     } catch (e) { /* ignore */ }

      at Object.warn [as emitPresentationEvent] (game/logic/presentation.js:56:21)
      at Object.emitPresentationEvent [as addMarker] (game/logic/cards/markers.js:364:36)
      at Object.addMarker (game/logic/cards.js:1623:38)
      at Object.addMarker [as applyPlacementEffects] (game/logic/cards-internal/effect-timing.js:455:21)
      at Object.applyPlacementEffects (game/logic/cards.js:4224:39)
      at Object.applyPlacementEffects (test/game.robot-vacuum-will.test.js:43:31)

PASS test/game.protected-next-stone.test.js
  笳・Console

    console.warn
      [presentation] BoardOps.emitPresentationEvent not available (events will be persisted)

      54 |     try {
      55 |         if (!__presentation_warned_no_boardops) {
    > 56 |             console.warn('[presentation] BoardOps.emitPresentationEvent not available (events will be persisted)');
         |                     ^
      57 |             __presentation_warned_no_boardops = true;
      58 |         }
      59 |     } catch (e) { /* ignore */ }

      at Object.warn [as emitPresentationEvent] (game/logic/presentation.js:56:21)
      at Object.emitPresentationEvent [as addMarker] (game/logic/cards/markers.js:364:36)
      at Object.addMarker (game/logic/cards.js:1623:38)
      at Object.addMarker [as applyPlacementEffects] (game/logic/cards-internal/effect-timing.js:299:25)
      at Object.applyPlacementEffects (game/logic/cards.js:4224:39)
      at Object.applyPlacementEffects [as applyActionPhase] (game/turn/turn_pipeline_phases.js:1830:39)
      at Object.applyActionPhase [as applyTurn] (game/turn/turn_pipeline.js:80:28)
      at Object.applyTurn (test/game.protected-next-stone.test.js:56:35)

PASS test/game.pipeline-ui-adapter.regen-status-removed.test.js
PASS test/game.pipeline-ui-adapter.destroy-batch.test.js
PASS test/game.movement-selection-turn-handoff.test.js
PASS test/game.move-executor.cpu-fallback.test.js
  笳・Console

    console.error
      CardLogic/CoreLogic is not loaded.

      119 |
      120 | if (typeof CardLogic === 'undefined') {
    > 121 |     console.error('CardLogic/CoreLogic is not loaded.');
          |             ^
      122 | }
      123 |
      124 | async function executeMove(move) {

      at error (game/move-executor.js:121:13)
      at Object.<anonymous> (game/move-executor.js:392:2)
      at Object.require (test/game.move-executor.cpu-fallback.test.js:19:30)

    console.error
      CardLogic is not loaded. Please include game/logic/cards.js

      4 |
      5 | if (typeof CardLogic === 'undefined') {
    > 6 |     console.error('CardLogic is not loaded. Please include game/logic/cards.js');
        |             ^
      7 | }
      8 |
      9 | // Global card state container (reference stable)

      at Object.error (card-system.js:6:13)
      at Object.require [as executeMoveViaPipeline] (game/move-executor.js:213:32)
      at Object.executeMoveViaPipeline (test/game.move-executor.cpu-fallback.test.js:41:28)

PASS test/ui.animation-engine.playback-state.test.js
  笳・Console

    console.warn
      [AnimationEngine] WATCHDOG fired. Forcing playback abort and sync.

      1258 |
      1259 |         async handleWatchdog() {
    > 1260 |             console.warn('[AnimationEngine] WATCHDOG fired. Forcing playback abort and sync.');
           |                     ^
      1261 |             this._watchdogFired = true;
      1262 |             // Telemetry increment
      1263 |             if (typeof window !== 'undefined') { window.__telemetry__ = window.__telemetry__ || { watchdogFired: 0, singleVisualWriterHits: 0, abortCount: 0 }; window.__telemetry__.watchdogFired = (window.__telemetry__.watchdogFired || 0) + 1; }

      at PlaybackEngine.warn [as handleWatchdog] (ui/animation-engine.js:1260:21)
      at Object.handleWatchdog (test/ui.animation-engine.playback-state.test.js:33:18)

PASS test/selfplay.deepcfr-preflight.test.js
PASS test/protocol.test.js
PASS test/presentation.flush.test.js
  笳・Console

    console.warn
      [presentation] BoardOps.emitPresentationEvent not available (events will be persisted)

      54 |     try {
      55 |         if (!__presentation_warned_no_boardops) {
    > 56 |             console.warn('[presentation] BoardOps.emitPresentationEvent not available (events will be persisted)');
         |                     ^
      57 |             __presentation_warned_no_boardops = true;
      58 |         }
      59 |     } catch (e) { /* ignore */ }

      at Object.warn [as emitPresentationEvent] (game/logic/presentation.js:56:21)
      at Object.emitPresentationEvent (test/presentation.flush.test.js:12:8)

    console.warn
      [presentation] BoardOps.emitPresentationEvent not available (events will be persisted)

      54 |     try {
      55 |         if (!__presentation_warned_no_boardops) {
    > 56 |             console.warn('[presentation] BoardOps.emitPresentationEvent not available (events will be persisted)');
         |                     ^
      57 |             __presentation_warned_no_boardops = true;
      58 |         }
      59 |     } catch (e) { /* ignore */ }

      at Object.warn [as emitPresentationEvent] (game/logic/presentation.js:56:21)
      at Object.emitPresentationEvent (test/presentation.flush.test.js:29:8)

PASS test/index.sniper-module-load.test.js
PASS test/game.position-swap-will.test.js
PASS test/game.pipeline-ui-adapter.spawn.test.js
PASS test/game.loss-will.test.js
PASS test/game.logic.time-bomb-single.test.js
PASS test/game.logic.time-bomb-apply.test.js
  笳・Console

    console.warn
      [presentation] BoardOps.emitPresentationEvent not available (events will be persisted)

      54 |     try {
      55 |         if (!__presentation_warned_no_boardops) {
    > 56 |             console.warn('[presentation] BoardOps.emitPresentationEvent not available (events will be persisted)');
         |                     ^
      57 |             __presentation_warned_no_boardops = true;
      58 |         }
      59 |     } catch (e) { /* ignore */ }

      at Object.warn [as emitPresentationEvent] (game/logic/presentation.js:56:21)
      at Object.emitPresentationEvent [as addMarker] (game/logic/cards/markers.js:364:36)
      at addMarker (game/logic/cards/time_bomb.js:215:29)
      at addMarker (game/logic/cards/time_bomb.js:241:9)
      at Object.applyTimeBomb [as applyTimeBombWill] (game/logic/cards/time_bomb.js:262:27)
      at Object.applyTimeBombWill (test/game.logic.time-bomb-apply.test.js:74:32)

PASS test/game.clone-will.test.js
  笳・Console

    console.warn
      [presentation] BoardOps.emitPresentationEvent not available (events will be persisted)

      54 |     try {
      55 |         if (!__presentation_warned_no_boardops) {
    > 56 |             console.warn('[presentation] BoardOps.emitPresentationEvent not available (events will be persisted)');
         |                     ^
      57 |             __presentation_warned_no_boardops = true;
      58 |         }
      59 |     } catch (e) { /* ignore */ }

      at Object.warn [as emitPresentationEvent] (game/logic/presentation.js:56:21)
      at Object.emitPresentationEvent [as addMarker] (game/logic/cards/markers.js:364:36)
      at addMarker (game/logic/cards.js:1623:38)
      at Object.addMarker [as applyCloneWill] (game/logic/cards/clone.js:125:13)
      at Object.applyCloneWill (game/logic/cards.js:3095:36)
      at Object.applyCloneWill (test/game.clone-will.test.js:56:27)

PASS test/cpu.compute.test.js
PASS test/ui.status-display.cpu-scale.test.js
PASS test/ui.bootstrap-shared.forwarding.test.js
PASS test/serve-with-fallback.test.js
PASS test/game.logic.single-color-gameover.test.js
PASS test/game.corrosion-will.test.js
PASS test/game.cards.pending-state-manager-module.test.js
PASS test/constants.test.js
PASS test/ui.tutorial-storage.test.js
PASS test/ui.story-state.test.js
PASS test/ui.animation-engine.test.js
PASS test/game.treasure-box.test.js
PASS test/game.supply-will.test.js
PASS test/game.specialstone.spawn-meta-backfill.test.js
PASS test/game.rebuild-will.test.js
PASS test/game.pipeline-ui-adapter.sniper-meta.test.js
PASS test/game.pipeline-ui-adapter.move.test.js
PASS test/game.pending-selection-flow.test.js
PASS test/game.chain-will-two-links.test.js
PASS test/cpu.decision.pending-selection-continue-turn.test.js
  笳・Console

    console.warn
      [presentation] BoardOps.emitPresentationEvent not available (events will be persisted)

      54 |     try {
      55 |         if (!__presentation_warned_no_boardops) {
    > 56 |             console.warn('[presentation] BoardOps.emitPresentationEvent not available (events will be persisted)');
         |                     ^
      57 |             __presentation_warned_no_boardops = true;
      58 |         }
      59 |     } catch (e) { /* ignore */ }

      at Object.warn [as emitPresentationEvent] (game/logic/presentation.js:56:21)
      at emitPresentationEvent (game/cpu-decision.js:1406:31)
      at emitPresentationEventForCpu (game/cpu-decision.js:1671:9)
      at Object.runCpuPendingSelectionViaPipeline [as cpuSelectDestroyWithPolicy] (game/cpu-decision.js:4561:28)
      at Object.<anonymous> (test/cpu.decision.pending-selection-continue-turn.test.js:96:5)

PASS test/shared.deck-codec.test.js
PASS test/game.free-placement-spawn-cause.test.js
PASS test/game.cpu-lv6-lookahead-profile.test.js
PASS test/game.chain-will-consumed.test.js
PASS test/game.cards.hand-manager-module.test.js
PASS test/game.card-effects.board-expansion-sound.test.js
PASS test/cpu.aisystem.helper.test.js
PASS test/utils.owner-helpers.network-seat.test.js
PASS test/sound-engine.default-bgm.test.js
PASS test/shared.commentary-runtime-helpers.test.js
PASS test/selfplay.preflight.test.js
PASS test/selfplay.clean-artifacts.test.js
PASS test/game.trap-selection-turn-handoff.test.js
PASS test/game.network-turn-handoff.test.js
PASS test/game.charge-delta-events.test.js
PASS test/game.cards.markers-module.test.js
PASS test/game.board-ops.result-totals.test.js
PASS test/ui.story-steps.test.js
PASS test/ui.story-encounter.test.js
PASS test/ui.stonevisuals-delegation.test.js
PASS test/ui.disc-shadow.test.js
PASS test/story-deck-lab.page.test.js
PASS test/shared.story-deck-spec.browser-merge.test.js
PASS test/shared.commentary-context-helpers.test.js
PASS test/game.work-will.expansion.test.js
PASS test/game.swap-selection-turn-handoff.test.js
PASS test/game.special-stone-browser-order.test.js
PASS test/game.pipeline-ui-adapter.move-metadata.test.js
PASS test/game.logic.teleport-module.test.js
PASS test/game.logic.movement-module.test.js
PASS test/game.logic.meteor-module.test.js
PASS test/game.hyperactive.playback.test.js
PASS test/game.card-effects.helpers.test.js
PASS test/determinism.test.js
PASS test/ui.tutorial-steps.test.js
PASS test/ui.stone-timer-position.test.js
PASS test/ui.debug.visual.test.js
PASS test/ui.animation-shared.test.js
PASS test/selfplay.deepcfr-foundation-init.test.js
PASS test/game.pipeline-ui-adapter.unknown-presentation-skip.test.js
PASS test/game.pipeline-ui-adapter.normal-logs.test.js
PASS test/game.pipeline-ui-adapter.gluttonous-phase.test.js
PASS test/game.pipeline-ui-adapter.chain-flip-order.test.js
PASS test/game.logic.clone-module.test.js
PASS test/game.cards.expansion-module.test.js
PASS test/game.cards.effect-timing-module.test.js
PASS test/game.card-effects.sacrifice-sound.test.js
PASS test/game.card-effects.placement.test.js
PASS test/constants.unified.test.js
PASS test/code.smoke.sideeffects.test.js
PASS test/assets.images.test.js
PASS test/ui.debug.globals.test.js
PASS test/ui.bootstrap-shared.test.js
PASS test/presentation.persist-events.test.js
  笳・Console

    console.warn
      [presentation] BoardOps.emitPresentationEvent not available (events will be persisted)

      54 |     try {
      55 |         if (!__presentation_warned_no_boardops) {
    > 56 |             console.warn('[presentation] BoardOps.emitPresentationEvent not available (events will be persisted)');
         |                     ^
      57 |             __presentation_warned_no_boardops = true;
      58 |         }
      59 |     } catch (e) { /* ignore */ }

      at Object.warn [as emitPresentationEvent] (game/logic/presentation.js:56:21)
      at Object.emitPresentationEvent (test/presentation.persist-events.test.js:10:8)

PASS test/game.presentation.test.js
  笳・Console

    console.warn
      [presentation] BoardOps.emitPresentationEvent not available (events will be persisted)

      54 |     try {
      55 |         if (!__presentation_warned_no_boardops) {
    > 56 |             console.warn('[presentation] BoardOps.emitPresentationEvent not available (events will be persisted)');
         |                     ^
      57 |             __presentation_warned_no_boardops = true;
      58 |         }
      59 |     } catch (e) { /* ignore */ }

      at Object.warn [as emitPresentationEvent] (game/logic/presentation.js:56:21)
      at Object.emitPresentationEvent (test/game.presentation.test.js:36:26)

PASS test/game.pipeline-ui-adapter.skip-turn-start.test.js
PASS test/game.pending-target-selector.test.js
PASS test/presentation.warns.once.test.js
PASS test/game.pipeline-ui-adapter.regen-flip-order.test.js
PASS test/cpu.lv6-shared-profile.test.js

Test Suites: 299 passed, 299 total
Tests:       1505 passed, 1505 total
Snapshots:   0 total
Time:        422.309 s, estimated 433 s
Ran all test suites.
Jest did not exit one second after the test run has completed.

'This usually means that there are asynchronous operations that weren't stopped in your tests. Consider running Jest with `--detectOpenHandles` to troubleshoot this issue.
